Component: ARM Compiler 6.15 Tool: armlink [5dd79300]

==============================================================================

Section Cross References

    main.o(.ARM.exidx.text.my_task_ide) refers to main.o(.text.my_task_ide) for [Anonymous Symbol]
    main.o(.text.my_task_1) refers to my_rtos.o(.text.task_delay) for task_delay
    main.o(.ARM.exidx.text.my_task_1) refers to main.o(.text.my_task_1) for [Anonymous Symbol]
    main.o(.text.my_task_2) refers to my_rtos.o(.text.task_delay) for task_delay
    main.o(.ARM.exidx.text.my_task_2) refers to main.o(.text.my_task_2) for [Anonymous Symbol]
    main.o(.text.my_task_3) refers to my_driver_stm32f1xx.o(.text.i2c_init) for i2c_init
    main.o(.text.my_task_3) refers to my_sensors_lib.o(.text.lcd_init) for lcd_init
    main.o(.text.my_task_3) refers to main.o(.data.MENU_ACTIVE) for MENU_ACTIVE
    main.o(.text.my_task_3) refers to main.o(.data.position_current) for position_current
    main.o(.text.my_task_3) refers to my_application_stm32f1xx.o(.text.hienthi) for hienthi
    main.o(.text.my_task_3) refers to my_driver_stm32f1xx.o(.text.EXT_config) for EXT_config
    main.o(.text.my_task_3) refers to main.o(.text.__NVIC_SetPriority) for __NVIC_SetPriority
    main.o(.text.my_task_3) refers to main.o(.text.__NVIC_EnableIRQ) for __NVIC_EnableIRQ
    main.o(.text.my_task_3) refers to main.o(.bss.data_thresold) for data_thresold
    main.o(.text.my_task_3) refers to main.o(.data.data_dht11) for data_dht11
    main.o(.text.my_task_3) refers to main.o(.data.DHT11_INITIAL) for DHT11_INITIAL
    main.o(.text.my_task_3) refers to my_rtos.o(.text.task_delay) for task_delay
    main.o(.text.my_task_3) refers to my_driver_stm32f1xx.o(.text.FLash_read_half_word) for FLash_read_half_word
    main.o(.ARM.exidx.text.my_task_3) refers to main.o(.text.my_task_3) for [Anonymous Symbol]
    main.o(.text.EXTI0_IRQHandler) refers to main.o(.data.MENU_ACTIVE) for MENU_ACTIVE
    main.o(.text.EXTI0_IRQHandler) refers to main.o(.data.position_current) for position_current
    main.o(.text.EXTI0_IRQHandler) refers to my_application_stm32f1xx.o(.text.hienthi) for hienthi
    main.o(.ARM.exidx.text.EXTI0_IRQHandler) refers to main.o(.text.EXTI0_IRQHandler) for [Anonymous Symbol]
    main.o(.text.EXTI1_IRQHandler) refers to main.o(.data.MENU_ACTIVE) for MENU_ACTIVE
    main.o(.text.EXTI1_IRQHandler) refers to main.o(.bss.data_thresold) for data_thresold
    main.o(.text.EXTI1_IRQHandler) refers to my_driver_stm32f1xx.o(.text.FLash_read_half_word) for FLash_read_half_word
    main.o(.text.EXTI1_IRQHandler) refers to main.o(.data.position_current) for position_current
    main.o(.text.EXTI1_IRQHandler) refers to my_driver_stm32f1xx.o(.text.FLash_erase) for FLash_erase
    main.o(.text.EXTI1_IRQHandler) refers to my_driver_stm32f1xx.o(.text.Flash_write) for Flash_write
    main.o(.text.EXTI1_IRQHandler) refers to my_application_stm32f1xx.o(.text.hienthi) for hienthi
    main.o(.ARM.exidx.text.EXTI1_IRQHandler) refers to main.o(.text.EXTI1_IRQHandler) for [Anonymous Symbol]
    main.o(.text.EXTI2_IRQHandler) refers to main.o(.data.position_current) for position_current
    main.o(.text.EXTI2_IRQHandler) refers to main.o(.data.MENU_ACTIVE) for MENU_ACTIVE
    main.o(.text.EXTI2_IRQHandler) refers to my_application_stm32f1xx.o(.text.hienthi) for hienthi
    main.o(.ARM.exidx.text.EXTI2_IRQHandler) refers to main.o(.text.EXTI2_IRQHandler) for [Anonymous Symbol]
    main.o(.text.EXTI3_IRQHandler) refers to main.o(.data.position_current) for position_current
    main.o(.text.EXTI3_IRQHandler) refers to main.o(.data.MENU_ACTIVE) for MENU_ACTIVE
    main.o(.text.EXTI3_IRQHandler) refers to my_application_stm32f1xx.o(.text.hienthi) for hienthi
    main.o(.ARM.exidx.text.EXTI3_IRQHandler) refers to main.o(.text.EXTI3_IRQHandler) for [Anonymous Symbol]
    main.o(.text.EXTI4_IRQHandler) refers to main.o(.data.position_current) for position_current
    main.o(.text.EXTI4_IRQHandler) refers to main.o(.data.MENU_ACTIVE) for MENU_ACTIVE
    main.o(.text.EXTI4_IRQHandler) refers to my_application_stm32f1xx.o(.text.hienthi) for hienthi
    main.o(.ARM.exidx.text.EXTI4_IRQHandler) refers to main.o(.text.EXTI4_IRQHandler) for [Anonymous Symbol]
    main.o(.text.main) refers to my_rtos.o(.text.enable_faults_exceptions) for enable_faults_exceptions
    main.o(.text.main) refers to my_assembly.o(MY_CODE) for initial_stack_handler_mode
    main.o(.text.main) refers to my_rtos.o(.text.initial_stacks) for initial_stacks
    main.o(.text.main) refers to main.o(.text.gpio_config) for gpio_config
    main.o(.text.main) refers to my_rtos.o(.text.systick_config) for systick_config
    main.o(.text.main) refers to main.o(.text.__NVIC_SetPriority) for __NVIC_SetPriority
    main.o(.text.main) refers to main.o(.text.__NVIC_EnableIRQ) for __NVIC_EnableIRQ
    main.o(.text.main) refers to main.o(.text.my_task_1) for my_task_1
    main.o(.ARM.exidx.text.main) refers to main.o(.text.main) for [Anonymous Symbol]
[...]
    my_sensors_lib.o(.text.lcd_gotoxy) refers to my_sensors_lib.o(.text.lcd_lenh) for lcd_lenh
    my_sensors_lib.o(.text.lcd_gotoxy) refers to my_rtos.o(.text.task_delay) for task_delay
    my_sensors_lib.o(.ARM.exidx.text.lcd_gotoxy) refers to my_sensors_lib.o(.text.lcd_gotoxy) for [Anonymous Symbol]
    my_sensors_lib.o(.ARM.exidx.text.covert_string) refers to my_sensors_lib.o(.text.covert_string) for [Anonymous Symbol]
    my_sensors_lib.o(.ARM.exidx.text.STEP_MOTOR_INIT) refers to my_sensors_lib.o(.text.STEP_MOTOR_INIT) for [Anonymous Symbol]
    my_sensors_lib.o(.text.MOTOR_DIRECTION) refers to my_sensors_lib.o(.bss.MOTOR_DIRECTION.step) for MOTOR_DIRECTION.step
    my_sensors_lib.o(.text.MOTOR_DIRECTION) refers to my_rtos.o(.text.task_delay) for task_delay
    my_sensors_lib.o(.ARM.exidx.text.MOTOR_DIRECTION) refers to my_sensors_lib.o(.text.MOTOR_DIRECTION) for [Anonymous Symbol]
    my_sensors_lib.o(.text.START_ROTATION) refers to my_driver_stm32f1xx.o(.text.assert_paramater) for assert_paramater
    my_sensors_lib.o(.text.START_ROTATION) refers to my_sensors_lib.o(.text.MOTOR_DIRECTION) for MOTOR_DIRECTION
    my_sensors_lib.o(.ARM.exidx.text.START_ROTATION) refers to my_sensors_lib.o(.text.START_ROTATION) for [Anonymous Symbol]
    my_sensors_lib.o(.ARM.exidx.text.bin_dec) refers to my_sensors_lib.o(.text.bin_dec) for [Anonymous Symbol]
    my_sensors_lib.o(.text.dec_bin) refers to my_sensors_lib.o(.bss.data_RTC_initial) for data_RTC_initial
    my_sensors_lib.o(.ARM.exidx.text.dec_bin) refers to my_sensors_lib.o(.text.dec_bin) for [Anonymous Symbol]
    my_sensors_lib.o(.text.RTC_set) refers to my_driver_stm32f1xx.o(.text.i2c_start) for i2c_start
    my_sensors_lib.o(.text.RTC_set) refers to my_driver_stm32f1xx.o(.text.i2c_adress) for i2c_adress
    my_sensors_lib.o(.text.RTC_set) refers to my_driver_stm32f1xx.o(.text.i2c_data) for i2c_data
    my_sensors_lib.o(.text.RTC_set) refers to my_sensors_lib.o(.text.bin_dec) for bin_dec
    my_sensors_lib.o(.text.RTC_set) refers to my_driver_stm32f1xx.o(.text.i2c_stop) for i2c_stop
    my_sensors_lib.o(.ARM.exidx.text.RTC_set) refers to my_sensors_lib.o(.text.RTC_set) for [Anonymous Symbol]
    my_sensors_lib.o(.text.RTC_get) refers to my_driver_stm32f1xx.o(.text.i2c_start) for i2c_start
    my_sensors_lib.o(.text.RTC_get) refers to my_driver_stm32f1xx.o(.text.i2c_adress) for i2c_adress
    my_sensors_lib.o(.text.RTC_get) refers to my_driver_stm32f1xx.o(.text.i2c_data) for i2c_data
    my_sensors_lib.o(.text.RTC_get) refers to my_driver_stm32f1xx.o(.text.i2c_read) for i2c_read
    my_sensors_lib.o(.text.RTC_get) refers to my_driver_stm32f1xx.o(.text.i2c_stop) for i2c_stop
    my_sensors_lib.o(.text.RTC_get) refers to my_sensors_lib.o(.text.dec_bin) for dec_bin
    my_sensors_lib.o(.ARM.exidx.text.RTC_get) refers to my_sensors_lib.o(.text.RTC_get) for [Anonymous Symbol]
    startup_stm32f10x_md.o(STACK) refers (Special) to heapauxi.o(.text) for __use_two_region_memory
    startup_stm32f10x_md.o(HEAP) refers (Special) to heapauxi.o(.text) for __use_two_region_memory
    startup_stm32f10x_md.o(RESET) refers (Special) to heapauxi.o(.text) for __use_two_region_memory
    startup_stm32f10x_md.o(RESET) refers to startup_stm32f10x_md.o(STACK) for __initial_sp
    startup_stm32f10x_md.o(RESET) refers to startup_stm32f10x_md.o(.text) for Reset_Handler
    startup_stm32f10x_md.o(RESET) refers to my_assembly.o(MY_CODE) for PendSV_Handler
    startup_stm32f10x_md.o(RESET) refers to main.o(.text.SysTick_Handler) for SysTick_Handler
    startup_stm32f10x_md.o(RESET) refers to main.o(.text.EXTI0_IRQHandler) for EXTI0_IRQHandler
    startup_stm32f10x_md.o(RESET) refers to main.o(.text.EXTI1_IRQHandler) for EXTI1_IRQHandler
    startup_stm32f10x_md.o(RESET) refers to main.o(.text.EXTI2_IRQHandler) for EXTI2_IRQHandler
    startup_stm32f10x_md.o(RESET) refers to main.o(.text.EXTI3_IRQHandler) for EXTI3_IRQHandler
    startup_stm32f10x_md.o(RESET) refers to main.o(.text.EXTI4_IRQHandler) for EXTI4_IRQHandler
    startup_stm32f10x_md.o(.text) refers (Special) to heapauxi.o(.text) for __use_two_region_memory
    startup_stm32f10x_md.o(.text) refers to system_stm32f10x.o(.text.SystemInit) for SystemInit
    startup_stm32f10x_md.o(.text) refers to __main.o(!!!main) for __main
    startup_stm32f10x_md.o(.text) refers to startup_stm32f10x_md.o(HEAP) for Heap_Mem
    startup_stm32f10x_md.o(.text) refers to startup_stm32f10x_md.o(STACK) for Stack_Mem
    system_stm32f10x.o(.text.SystemInit) refers to system_stm32f10x.o(.text.SetSysClock) for SetSysClock
    system_stm32f10x.o(.ARM.exidx.text.SystemInit) refers to system_stm32f10x.o(.text.SystemInit) for [Anonymous Symbol]
    system_stm32f10x.o(.text.SetSysClock) refers to system_stm32f10x.o(.text.SetSysClockTo72) for SetSysClockTo72
    system_stm32f10x.o(.ARM.exidx.text.SetSysClock) refers to system_stm32f10x.o(.text.SetSysClock) for [Anonymous Symbol]
    system_stm32f10x.o(.text.SystemCoreClockUpdate) refers to system_stm32f10x.o(.data.SystemCoreClock) for SystemCoreClock
    system_stm32f10x.o(.text.SystemCoreClockUpdate) refers to system_stm32f10x.o(.rodata.AHBPrescTable) for AHBPrescTable
    system_stm32f10x.o(.ARM.exidx.text.SystemCoreClockUpdate) refers to system_stm32f10x.o(.text.SystemCoreClockUpdate) for [Anonymous Symbol]
    system_stm32f10x.o(.ARM.exidx.text.SetSysClockTo72) refers to system_stm32f10x.o(.text.SetSysClockTo72) for [Anonymous Symbol]
    __main.o(!!!main) refers to __rtentry.o(.ARM.Collect$$rtentry$$00000000) for __rt_entry
    dfix.o(x$fpl$dfix) refers (Special) to usenofp.o(x$fpl$usenofp) for __I$use$fp
    dfix.o(x$fpl$dfix) refers to dnaninf.o(x$fpl$dnaninf) for __fpl_dnaninf
    dfix.o(x$fpl$dfixr) refers (Special) to usenofp.o(x$fpl$usenofp) for __I$use$fp
    dfix.o(x$fpl$dfixr) refers to dnaninf.o(x$fpl$dnaninf) for __fpl_dnaninf
    dflt_clz.o(x$fpl$dfltu) refers (Special) to usenofp.o(x$fpl$usenofp) for __I$use$fp
    dflt_clz.o(x$fpl$dflt) refers (Special) to usenofp.o(x$fpl$usenofp) for __I$use$fp
    dflt_clz.o(x$fpl$dfltn) refers (Special) to usenofp.o(x$fpl$usenofp) for __I$use$fp
    dmul.o(x$fpl$dmul) refers (Special) to usenofp.o(x$fpl$usenofp) for __I$use$fp
    dmul.o(x$fpl$dmul) refers to dretinf.o(x$fpl$dretinf) for __fpl_dretinf
    dmul.o(x$fpl$dmul) refers to dnaninf.o(x$fpl$dnaninf) for __fpl_dnaninf
    __rtentry.o(.ARM.Collect$$rtentry$$00000000) refers (Special) to __rtentry2.o(.ARM.Collect$$rtentry$$0000000A) for __rt_entry_li
    __rtentry.o(.ARM.Collect$$rtentry$$00000000) refers (Special) to __rtentry2.o(.ARM.Collect$$rtentry$$0000000D) for __rt_entry_main
    __rtentry.o(.ARM.Collect$$rtentry$$00000000) refers (Special) to __rtentry2.o(.ARM.Collect$$rtentry$$0000000C) for __rt_entry_postli_1
    __rtentry.o(.ARM.Collect$$rtentry$$00000000) refers (Special) to __rtentry2.o(.ARM.Collect$$rtentry$$00000009) for __rt_entry_postsh_1
    __rtentry.o(.ARM.Collect$$rtentry$$00000000) refers (Special) to __rtentry2.o(.ARM.Collect$$rtentry$$00000002) for __rt_entry_presh_1
    __rtentry.o(.ARM.Collect$$rtentry$$00000000) refers (Special) to __rtentry4.o(.ARM.Collect$$rtentry$$00000004) for __rt_entry_sh
    dnaninf.o(x$fpl$dnaninf) refers (Special) to usenofp.o(x$fpl$usenofp) for __I$use$fp
    dretinf.o(x$fpl$dretinf) refers (Special) to usenofp.o(x$fpl$usenofp) for __I$use$fp
    __rtentry2.o(.ARM.Collect$$rtentry$$00000008) refers to boardinit2.o(.text) for _platform_post_stackheap_init
    __rtentry2.o(.ARM.Collect$$rtentry$$0000000A) refers to libinit.o(.ARM.Collect$$libinit$$00000000) for __rt_lib_init
    __rtentry2.o(.ARM.Collect$$rtentry$$0000000B) refers to boardinit3.o(.text) for _platform_post_lib_init
    __rtentry2.o(.ARM.Collect$$rtentry$$0000000D) refers to main.o(.text.main) for main
    __rtentry2.o(.ARM.Collect$$rtentry$$0000000D) refers to exit.o(.text) for exit
    __rtentry2.o(.ARM.exidx) refers to __rtentry2.o(.ARM.Collect$$rtentry$$00000001) for .ARM.Collect$$rtentry$$00000001
    __rtentry2.o(.ARM.exidx) refers to __rtentry2.o(.ARM.Collect$$rtentry$$00000008) for .ARM.Collect$$rtentry$$00000008
    __rtentry2.o(.ARM.exidx) refers to __rtentry2.o(.ARM.Collect$$rtentry$$0000000A) for .ARM.Collect$$rtentry$$0000000A
    __rtentry2.o(.ARM.exidx) refers to __rtentry2.o(.ARM.Collect$$rtentry$$0000000B) for .ARM.Collect$$rtentry$$0000000B
    __rtentry2.o(.ARM.exidx) refers to __rtentry2.o(.ARM.Collect$$rtentry$$0000000D) for .ARM.Collect$$rtentry$$0000000D
    __rtentry4.o(.ARM.Collect$$rtentry$$00000004) refers to sys_stackheap_outer.o(.text) for __user_setup_stackheap
    __rtentry4.o(.ARM.exidx) refers to __rtentry4.o(.ARM.Collect$$rtentry$$00000004) for .ARM.Collect$$rtentry$$00000004
    sys_stackheap_outer.o(.text) refers to libspace.o(.text) for __user_perproc_libspace
    sys_stackheap_outer.o(.text) refers to startup_stm32f10x_md.o(.text) for __user_initial_stackheap
    exit.o(.text) refers to rtexit.o(.ARM.Collect$$rtexit$$00000000) for __rt_exit
    libinit.o(.ARM.Collect$$libinit$$00000000) refers (Special) to libinit2.o(.ARM.Collect$$libinit$$0000002E) for __rt_lib_init_alloca_1
    libinit.o(.ARM.Collect$$libinit$$00000000) refers (Special) to libinit2.o(.ARM.Collect$$libinit$$0000002C) for __rt_lib_init_argv_1
    libinit.o(.ARM.Collect$$libinit$$00000000) refers (Special) to libinit2.o(.ARM.Collect$$libinit$$0000001B) for __rt_lib_init_atexit_1
    libinit.o(.ARM.Collect$$libinit$$00000000) refers (Special) to libinit2.o(.ARM.Collect$$libinit$$00000021) for __rt_lib_init_clock_1
    libinit.o(.ARM.Collect$$libinit$$00000000) refers (Special) to libinit2.o(.ARM.Collect$$libinit$$00000032) for __rt_lib_init_cpp_1
    libinit.o(.ARM.Collect$$libinit$$00000000) refers (Special) to libinit2.o(.ARM.Collect$$libinit$$00000030) for __rt_lib_init_exceptions_1
    libinit.o(.ARM.Collect$$libinit$$00000000) refers (Special) to libinit2.o(.ARM.Collect$$libinit$$00000002) for __rt_lib_init_fp_1
    libinit.o(.ARM.Collect$$libinit$$00000000) refers (Special) to libinit2.o(.ARM.Collect$$libinit$$0000001F) for __rt_lib_init_fp_trap_1
    libinit.o(.ARM.Collect$$libinit$$00000000) refers (Special) to libinit2.o(.ARM.Collect$$libinit$$00000023) for __rt_lib_init_getenv_1
    libinit.o(.ARM.Collect$$libinit$$00000000) refers (Special) to libinit2.o(.ARM.Collect$$libinit$$0000000A) for __rt_lib_init_heap_1
    libinit.o(.ARM.Collect$$libinit$$00000000) refers (Special) to libinit2.o(.ARM.Collect$$libinit$$00000011) for __rt_lib_init_lc_collate_1
    libinit.o(.ARM.Collect$$libinit$$00000000) refers (Special) to libinit2.o(.ARM.Collect$$libinit$$00000013) for __rt_lib_init_lc_ctype_1
    libinit.o(.ARM.Collect$$libinit$$00000000) refers (Special) to libinit2.o(.ARM.Collect$$libinit$$00000015) for __rt_lib_init_lc_monetary_1
    libinit.o(.ARM.Collect$$libinit$$00000000) refers (Special) to libinit2.o(.ARM.Collect$$libinit$$00000017) for __rt_lib_init_lc_numeric_1
    libinit.o(.ARM.Collect$$libinit$$00000000) refers (Special) to libinit2.o(.ARM.Collect$$libinit$$00000019) for __rt_lib_init_lc_time_1
    libinit.o(.ARM.Collect$$libinit$$00000000) refers (Special) to libinit2.o(.ARM.Collect$$libinit$$00000004) for __rt_lib_init_preinit_1
    libinit.o(.ARM.Collect$$libinit$$00000000) refers (Special) to libinit2.o(.ARM.Collect$$libinit$$0000000E) for __rt_lib_init_rand_1
    libinit.o(.ARM.Collect$$libinit$$00000000) refers (Special) to libinit2.o(.ARM.Collect$$libinit$$00000033) for __rt_lib_init_return
    libinit.o(.ARM.Collect$$libinit$$00000000) refers (Special) to libinit2.o(.ARM.Collect$$libinit$$0000001D) for __rt_lib_init_signal_1
    libinit.o(.ARM.Collect$$libinit$$00000000) refers (Special) to libinit2.o(.ARM.Collect$$libinit$$00000025) for __rt_lib_init_stdio_1
    libinit.o(.ARM.Collect$$libinit$$00000000) refers (Special) to libinit2.o(.ARM.Collect$$libinit$$0000000C) for __rt_lib_init_user_alloc_1
    libspace.o(.text) refers to libspace.o(.bss) for __libspace_start
    rtexit.o(.ARM.Collect$$rtexit$$00000000) refers (Special) to rtexit2.o(.ARM.Collect$$rtexit$$00000004) for __rt_exit_exit
    rtexit.o(.ARM.Collect$$rtexit$$00000000) refers (Special) to rtexit2.o(.ARM.Collect$$rtexit$$00000003) for __rt_exit_ls
    rtexit.o(.ARM.Collect$$rtexit$$00000000) refers (Special) to rtexit2.o(.ARM.Collect$$rtexit$$00000002) for __rt_exit_prels_1
    rtexit.o(.ARM.exidx) refers (Special) to rtexit2.o(.ARM.Collect$$rtexit$$00000004) for __rt_exit_exit
    rtexit.o(.ARM.exidx) refers (Special) to rtexit2.o(.ARM.Collect$$rtexit$$00000003) for __rt_exit_ls
    rtexit.o(.ARM.exidx) refers (Special) to rtexit2.o(.ARM.Collect$$rtexit$$00000002) for __rt_exit_prels_1
    rtexit.o(.ARM.exidx) refers to rtexit.o(.ARM.Collect$$rtexit$$00000000) for .ARM.Collect$$rtexit$$00000000
    libinit2.o(.ARM.Collect$$libinit$$00000010) refers to libinit2.o(.ARM.Collect$$libinit$$0000000F) for .ARM.Collect$$libinit$$0000000F
    libinit2.o(.ARM.Collect$$libinit$$00000012) refers to libinit2.o(.ARM.Collect$$libinit$$0000000F) for .ARM.Collect$$libinit$$0000000F
    libinit2.o(.ARM.Collect$$libinit$$00000014) refers to libinit2.o(.ARM.Collect$$libinit$$0000000F) for .ARM.Collect$$libinit$$0000000F
    libinit2.o(.ARM.Collect$$libinit$$00000016) refers to libinit2.o(.ARM.Collect$$libinit$$0000000F) for .ARM.Collect$$libinit$$0000000F
    libinit2.o(.ARM.Collect$$libinit$$00000018) refers to libinit2.o(.ARM.Collect$$libinit$$0000000F) for .ARM.Collect$$libinit$$0000000F
    libinit2.o(.ARM.Collect$$libinit$$00000026) refers to argv_veneer.o(.emb_text) for __ARM_argv_veneer
    libinit2.o(.ARM.Collect$$libinit$$00000027) refers to argv_veneer.o(.emb_text) for __ARM_argv_veneer
    rtexit2.o(.ARM.Collect$$rtexit$$00000003) refers to libshutdown.o(.ARM.Collect$$libshutdown$$00000000) for __rt_lib_shutdown
    rtexit2.o(.ARM.Collect$$rtexit$$00000004) refers to sys_exit.o(.text) for _sys_exit
    rtexit2.o(.ARM.exidx) refers to rtexit2.o(.ARM.Collect$$rtexit$$00000001) for .ARM.Collect$$rtexit$$00000001
    rtexit2.o(.ARM.exidx) refers to rtexit2.o(.ARM.Collect$$rtexit$$00000003) for .ARM.Collect$$rtexit$$00000003
    rtexit2.o(.ARM.exidx) refers to rtexit2.o(.ARM.Collect$$rtexit$$00000004) for .ARM.Collect$$rtexit$$00000004
    argv_veneer.o(.emb_text) refers to no_argv.o(.text) for __ARM_get_argv
    sys_exit.o(.text) refers (Special) to use_no_semi.o(.text) for __I$use$semihosting
    sys_exit.o(.text) refers (Special) to indicate_semi.o(.text) for __semihosting_library_function
    sys_exit_hlt.o(.text) refers (Special) to use_no_semi.o(.text) for __I$use$semihosting
    sys_exit_hlt.o(.text) refers (Special) to indicate_semi.o(.text) for __semihosting_library_function
    _get_argv_nomalloc.o(.text) refers (Special) to hrguard.o(.text) for __heap_region$guard
    _get_argv_nomalloc.o(.text) refers to defsig_rtmem_outer.o(.text) for __rt_SIGRTMEM
    _get_argv_nomalloc.o(.text) refers to sys_command.o(.text) for _sys_command_string
    libshutdown.o(.ARM.Collect$$libshutdown$$00000000) refers (Special) to libshutdown2.o(.ARM.Collect$$libshutdown$$00000002) for __rt_lib_shutdown_cpp_1
    libshutdown.o(.ARM.Collect$$libshutdown$$00000000) refers (Special) to libshutdown2.o(.ARM.Collect$$libshutdown$$00000007) for __rt_lib_shutdown_fp_trap_1
    libshutdown.o(.ARM.Collect$$libshutdown$$00000000) refers (Special) to libshutdown2.o(.ARM.Collect$$libshutdown$$0000000F) for __rt_lib_shutdown_heap_1
    libshutdown.o(.ARM.Collect$$libshutdown$$00000000) refers (Special) to libshutdown2.o(.ARM.Collect$$libshutdown$$00000010) for __rt_lib_shutdown_return
    libshutdown.o(.ARM.Collect$$libshutdown$$00000000) refers (Special) to libshutdown2.o(.ARM.Collect$$libshutdown$$0000000A) for __rt_lib_shutdown_signal_1
    libshutdown.o(.ARM.Collect$$libshutdown$$00000000) refers (Special) to libshutdown2.o(.ARM.Collect$$libshutdown$$00000004) for __rt_lib_shutdown_stdio_1
    libshutdown.o(.ARM.Collect$$libshutdown$$00000000) refers (Special) to libshutdown2.o(.ARM.Collect$$libshutdown$$0000000C) for __rt_lib_shutdown_user_alloc_1
    sys_command.o(.text) refers (Special) to use_no_semi.o(.text) for __I$use$semihosting
    sys_command.o(.text) refers (Special) to indicate_semi.o(.text) for __semihosting_library_function
    sys_command_hlt.o(.text) refers (Special) to use_no_semi.o(.text) for __I$use$semihosting
    sys_command_hlt.o(.text) refers (Special) to indicate_semi.o(.text) for __semihosting_library_function
    defsig_rtmem_outer.o(.text) refers to defsig_rtmem_inner.o(.text) for __rt_SIGRTMEM_inner
    defsig_rtmem_outer.o(.text) refers to defsig_exit.o(.text) for __sig_exit
    defsig_rtmem_formal.o(.text) refers to rt_raise.o(.text) for __rt_raise
    rt_raise.o(.text) refers to __raise.o(.text) for __raise
    rt_raise.o(.text) refers to sys_exit.o(.text) for _sys_exit
    defsig_exit.o(.text) refers to sys_exit.o(.text) for _sys_exit
    defsig_rtmem_inner.o(.text) refers to defsig_general.o(.text) for __default_signal_display
    __raise.o(.text) refers to defsig.o(CL$$defsig) for __default_signal_handler
    defsig_general.o(.text) refers to sys_wrch.o(.text) for _ttywrch
    sys_wrch.o(.text) refers (Special) to use_no_semi.o(.text) for __I$use$semihosting
    sys_wrch.o(.text) refers (Special) to indicate_semi.o(.text) for __semihosting_library_function
    sys_wrch_hlt.o(.text) refers (Special) to use_no_semi.o(.text) for __I$use$semihosting
    sys_wrch_hlt.o(.text) refers (Special) to indicate_semi.o(.text) for __semihosting_library_function
    defsig.o(CL$$defsig) refers to defsig_rtmem_inner.o(.text) for __rt_SIGRTMEM_inner
    defsig_abrt_inner.o(.text) refers to defsig_general.o(.text) for __default_signal_display
    defsig_fpe_inner.o(.text) refers to defsig_general.o(.text) for __default_signal_display
    defsig_rtred_inner.o(.text) refers to defsig_general.o(.text) for __default_signal_display
    defsig_stak_inner.o(.text) refers to defsig_general.o(.text) for __default_signal_display
    defsig_pvfn_inner.o(.text) refers to defsig_general.o(.text) for __default_signal_display
    defsig_cppl_inner.o(.text) refers to defsig_general.o(.text) for __default_signal_display
    defsig_segv_inner.o(.text) refers to defsig_general.o(.text) for __default_signal_display
    defsig_other.o(.text) refers to defsig_general.o(.text) for __default_signal_display


==============================================================================

Removing Unused input sections from the image.

    Removing main.o(.text), (0 bytes).
    Removing main.o(.ARM.exidx.text.my_task_ide), (8 bytes).
    Removing main.o(.ARM.exidx.text.my_task_1), (8 bytes).
    Removing main.o(.ARM.exidx.text.my_task_2), (8 bytes).
    Removing main.o(.ARM.exidx.text.my_task_3), (8 bytes).
    Removing main.o(.ARM.exidx.text.EXTI0_IRQHandler), (8 bytes).
    Removing main.o(.ARM.exidx.text.EXTI1_IRQHandler), (8 bytes).
    Removing main.o(.ARM.exidx.text.EXTI2_IRQHandler), (8 bytes).
    Removing main.o(.ARM.exidx.text.EXTI3_IRQHandler), (8 bytes).
    Removing main.o(.ARM.exidx.text.EXTI4_IRQHandler), (8 bytes).
    Removing main.o(.ARM.exidx.text.main), (8 bytes).
    Removing main.o(.ARM.exidx.text.gpio_config), (8 bytes).
    Removing main.o(.ARM.exidx.text.__NVIC_SetPriority), (8 bytes).
    Removing main.o(.ARM.exidx.text.__NVIC_EnableIRQ), (8 bytes).
    Removing main.o(.ARM.exidx.text.SysTick_Handler), (8 bytes).
    Removing main.o(.ARM.use_no_argv), (4 bytes).
    Removing my_rtos.o(.text), (0 bytes).
    Removing my_rtos.o(.ARM.exidx.text.enable_faults_exceptions), (8 bytes).
    Removing my_rtos.o(.ARM.exidx.text.initial_stacks), (8 bytes).
    Removing my_rtos.o(.ARM.exidx.text.get_stack_pointer_PSP), (8 bytes).
    Removing my_rtos.o(.ARM.exidx.text.save_stack_pointer), (8 bytes).
    Removing my_rtos.o(.ARM.exidx.text.switch_tasks), (8 bytes).
    Removing my_rtos.o(.ARM.exidx.text.task_delay), (8 bytes).
    Removing my_rtos.o(.ARM.exidx.text.systick_config), (8 bytes).
    Removing my_driver_stm32f1xx.o(.text), (0 bytes).
    Removing my_driver_stm32f1xx.o(.ARM.exidx.text.Flash_write), (8 bytes).
    Removing my_driver_stm32f1xx.o(.text.Flash_read), (76 bytes).
    Removing my_driver_stm32f1xx.o(.ARM.exidx.text.Flash_read), (8 bytes).
    Removing my_driver_stm32f1xx.o(.ARM.exidx.text.FLash_read_half_word), (8 bytes).
    Removing my_driver_stm32f1xx.o(.ARM.exidx.text.FLash_erase), (8 bytes).
    Removing my_driver_stm32f1xx.o(.ARM.exidx.text.assert_paramater), (8 bytes).
    Removing my_driver_stm32f1xx.o(.text.Change_function_interrupt), (206 bytes).
    Removing my_driver_stm32f1xx.o(.ARM.exidx.text.Change_function_interrupt), (8 bytes).
    Removing my_driver_stm32f1xx.o(.text.Change_interrupt_function), (68 bytes).
    Removing my_driver_stm32f1xx.o(.ARM.exidx.text.Change_interrupt_function), (8 bytes).
    Removing my_driver_stm32f1xx.o(.text.set_stack_pointer), (8 bytes).
    Removing my_driver_stm32f1xx.o(.ARM.exidx.text.set_stack_pointer), (8 bytes).
    Removing my_driver_stm32f1xx.o(.text.bootloader_init), (38 bytes).
    Removing my_driver_stm32f1xx.o(.ARM.exidx.text.bootloader_init), (8 bytes).
    Removing my_driver_stm32f1xx.o(.text.Window_watchdog_init), (40 bytes).
    Removing my_driver_stm32f1xx.o(.ARM.exidx.text.Window_watchdog_init), (8 bytes).
    Removing my_driver_stm32f1xx.o(.text.Independent_watchdog_init), (72 bytes).
    Removing my_driver_stm32f1xx.o(.ARM.exidx.text.Independent_watchdog_init), (8 bytes).
    Removing my_driver_stm32f1xx.o(.ARM.exidx.text.EXT_config), (8 bytes).
    Removing my_driver_stm32f1xx.o(.text.system_clock_init), (170 bytes).
    Removing my_driver_stm32f1xx.o(.ARM.exidx.text.system_clock_init), (8 bytes).
    Removing my_driver_stm32f1xx.o(.ARM.exidx.text.i2c_init), (8 bytes).
    Removing my_driver_stm32f1xx.o(.ARM.exidx.text.i2c_start), (8 bytes).
    Removing my_driver_stm32f1xx.o(.ARM.exidx.text.i2c_adress), (8 bytes).
    Removing my_driver_stm32f1xx.o(.text.i2c_data), (16 bytes).
    Removing my_driver_stm32f1xx.o(.ARM.exidx.text.i2c_data), (8 bytes).
    Removing my_driver_stm32f1xx.o(.ARM.exidx.text.i2c_mutil_data), (8 bytes).
    Removing my_driver_stm32f1xx.o(.text.i2c_stop), (10 bytes).
    Removing my_driver_stm32f1xx.o(.ARM.exidx.text.i2c_stop), (8 bytes).
    Removing my_driver_stm32f1xx.o(.text.i2c_read), (168 bytes).
    Removing my_driver_stm32f1xx.o(.ARM.exidx.text.i2c_read), (8 bytes).
    Removing my_driver_stm32f1xx.o(.text.MLX9014_read), (112 bytes).
    Removing my_driver_stm32f1xx.o(.ARM.exidx.text.MLX9014_read), (8 bytes).
    Removing my_driver_stm32f1xx.o(.text.UART_init), (128 bytes).
    Removing my_driver_stm32f1xx.o(.ARM.exidx.text.UART_init), (8 bytes).
    Removing my_driver_stm32f1xx.o(.text.UART_data), (24 bytes).
    Removing my_driver_stm32f1xx.o(.ARM.exidx.text.UART_data), (8 bytes).
    Removing my_driver_stm32f1xx.o(.text.UART_string), (40 bytes).
    Removing my_driver_stm32f1xx.o(.ARM.exidx.text.UART_string), (8 bytes).
    Removing my_driver_stm32f1xx.o(.text.UART_DMA_TX_init), (194 bytes).
    Removing my_driver_stm32f1xx.o(.ARM.exidx.text.UART_DMA_TX_init), (8 bytes).
    Removing my_driver_stm32f1xx.o(.text.DMA_UART_TX), (34 bytes).
    Removing my_driver_stm32f1xx.o(.ARM.exidx.text.DMA_UART_TX), (8 bytes).
    Removing my_driver_stm32f1xx.o(.text.UART_DMA_RX_init), (202 bytes).
    Removing my_driver_stm32f1xx.o(.ARM.exidx.text.UART_DMA_RX_init), (8 bytes).
    Removing my_driver_stm32f1xx.o(.text.DMA_UART_RX), (34 bytes).
    Removing my_driver_stm32f1xx.o(.ARM.exidx.text.DMA_UART_RX), (8 bytes).
    Removing my_driver_stm32f1xx.o(.text.SPI_init), (182 bytes).
    Removing my_driver_stm32f1xx.o(.ARM.exidx.text.SPI_init), (8 bytes).
    Removing my_driver_stm32f1xx.o(.text.SPI_send), (48 bytes).
    Removing my_driver_stm32f1xx.o(.ARM.exidx.text.SPI_send), (8 bytes).
    Removing my_driver_stm32f1xx.o(.text.SPI_receive), (54 bytes).
    Removing my_driver_stm32f1xx.o(.ARM.exidx.text.SPI_receive), (8 bytes).
    Removing my_driver_stm32f1xx.o(.text.ADC_init), (362 bytes).
    Removing my_driver_stm32f1xx.o(.ARM.exidx.text.ADC_init), (8 bytes).
    Removing my_driver_stm32f1xx.o(.text.ADC_DMA_init), (96 bytes).
    Removing my_driver_stm32f1xx.o(.ARM.exidx.text.ADC_DMA_init), (8 bytes).
    Removing my_driver_stm32f1xx.o(.text.ADC_DMA_start), (34 bytes).
    Removing my_driver_stm32f1xx.o(.ARM.exidx.text.ADC_DMA_start), (8 bytes).
    Removing my_driver_stm32f1xx.o(.text.PWM_init), (220 bytes).
    Removing my_driver_stm32f1xx.o(.ARM.exidx.text.PWM_init), (8 bytes).
    Removing my_application_stm32f1xx.o(.text), (0 bytes).
    Removing my_application_stm32f1xx.o(.ARM.exidx.text.my_fuction_dht_implement), (8 bytes).
    Removing my_application_stm32f1xx.o(.ARM.exidx.text.hienthi), (8 bytes).
    Removing my_sensors_lib.o(.text), (0 bytes).
    Removing my_sensors_lib.o(.ARM.exidx.text.DHT11_init), (8 bytes).
    Removing my_sensors_lib.o(.ARM.exidx.text.read_bit), (8 bytes).
    Removing my_sensors_lib.o(.ARM.exidx.text.read_5_byte), (8 bytes).
    Removing my_sensors_lib.o(.ARM.exidx.text.lcd_lenh), (8 bytes).
    Removing my_sensors_lib.o(.ARM.exidx.text.lcd_data), (8 bytes).
    Removing my_sensors_lib.o(.ARM.exidx.text.lcd_init), (8 bytes).
    Removing my_sensors_lib.o(.ARM.exidx.text.lcd_string), (8 bytes).
    Removing my_sensors_lib.o(.ARM.exidx.text.lcd_gotoxy), (8 bytes).
    Removing my_sensors_lib.o(.ARM.exidx.text.covert_string), (8 bytes).
    Removing my_sensors_lib.o(.text.STEP_MOTOR_INIT), (122 bytes).
    Removing my_sensors_lib.o(.ARM.exidx.text.STEP_MOTOR_INIT), (8 bytes).
    Removing my_sensors_lib.o(.text.MOTOR_DIRECTION), (304 bytes).
    Removing my_sensors_lib.o(.ARM.exidx.text.MOTOR_DIRECTION), (8 bytes).
    Removing my_sensors_lib.o(.text.START_ROTATION), (92 bytes).
    Removing my_sensors_lib.o(.ARM.exidx.text.START_ROTATION), (8 bytes).
    Removing my_sensors_lib.o(.text.bin_dec), (32 bytes).
    Removing my_sensors_lib.o(.ARM.exidx.text.bin_dec), (8 bytes).
    Removing my_sensors_lib.o(.text.dec_bin), (30 bytes).
    Removing my_sensors_lib.o(.ARM.exidx.text.dec_bin), (8 bytes).
    Removing my_sensors_lib.o(.text.RTC_set), (132 bytes).
    Removing my_sensors_lib.o(.ARM.exidx.text.RTC_set), (8 bytes).
    Removing my_sensors_lib.o(.text.RTC_get), (94 bytes).
    Removing my_sensors_lib.o(.ARM.exidx.text.RTC_get), (8 bytes).
    Removing my_sensors_lib.o(.bss.MOTOR_DIRECTION.step), (1 bytes).
    Removing my_sensors_lib.o(.bss.data_RTC_initial), (1 bytes).
    Removing system_stm32f10x.o(.text), (0 bytes).
    Removing system_stm32f10x.o(.ARM.exidx.text.SystemInit), (8 bytes).
    Removing system_stm32f10x.o(.ARM.exidx.text.SetSysClock), (8 bytes).
    Removing system_stm32f10x.o(.text.SystemCoreClockUpdate), (110 bytes).
    Removing system_stm32f10x.o(.ARM.exidx.text.SystemCoreClockUpdate), (8 bytes).
    Removing system_stm32f10x.o(.ARM.exidx.text.SetSysClockTo72), (8 bytes).
    Removing system_stm32f10x.o(.data.SystemCoreClock), (4 bytes).
    Removing system_stm32f10x.o(.rodata.AHBPrescTable), (16 bytes).

123 unused section(s) (total 4202 bytes) removed from the image.

==============================================================================

Image Symbol Table

    Local Symbols

    Symbol Name                              Value     Ov Type        Size  Object(Section)

    ../clib/angel/boardlib.s                 0x00000000   Number         0  boardinit1.o ABSOLUTE
    ../clib/angel/boardlib.s                 0x00000000   Number         0  boardinit2.o ABSOLUTE
    ../clib/angel/boardlib.s                 0x00000000   Number         0  boardinit3.o ABSOLUTE
    ../clib/angel/boardlib.s                 0x00000000   Number         0  boardshut.o ABSOLUTE
    ../clib/angel/dczerorl2.s                0x00000000   Number         0  __dczerorl2.o ABSOLUTE
    ../clib/angel/handlers.s                 0x00000000   Number         0  __scatter_zi.o ABSOLUTE
    ../clib/angel/kernel.s                   0x00000000   Number         0  __rtentry.o ABSOLUTE
    ../clib/angel/kernel.s                   0x00000000   Number         0  __rtentry2.o ABSOLUTE
    ../clib/angel/kernel.s                   0x00000000   Number         0  __rtentry4.o ABSOLUTE
    ../clib/angel/kernel.s                   0x00000000   Number         0  rtexit.o ABSOLUTE
    ../clib/angel/kernel.s                   0x00000000   Number         0  rtexit2.o ABSOLUTE
    ../clib/angel/rt.s                       0x00000000   Number         0  rt_raise.o ABSOLUTE
    ../clib/angel/scatter.s                  0x00000000   Number         0  __scatter.o ABSOLUTE
    ../clib/angel/startup.s                  0x00000000   Number         0  __main.o ABSOLUTE
    ../clib/angel/sys.s                      0x00000000   Number         0  sys_stackheap_outer.o ABSOLUTE
    ../clib/angel/sys.s                      0x00000000   Number         0  libspace.o ABSOLUTE
    ../clib/angel/sys.s                      0x00000000   Number         0  use_no_semi.o ABSOLUTE
    ../clib/angel/sys.s                      0x00000000   Number         0  indicate_semi.o ABSOLUTE
    ../clib/angel/sysapp.c                   0x00000000   Number         0  sys_exit.o ABSOLUTE
    ../clib/angel/sysapp.c                   0x00000000   Number         0  sys_exit_hlt.o ABSOLUTE
    ../clib/angel/sysapp.c                   0x00000000   Number         0  sys_command.o ABSOLUTE
    ../clib/angel/sysapp.c                   0x00000000   Number         0  sys_command_hlt.o ABSOLUTE
    ../clib/angel/sysapp.c                   0x00000000   Number         0  sys_wrch.o ABSOLUTE
    ../clib/angel/sysapp.c                   0x00000000   Number         0  sys_wrch_hlt.o ABSOLUTE
    ../clib/armsys.c                         0x00000000   Number         0  argv_veneer.o ABSOLUTE
    ../clib/armsys.c                         0x00000000   Number         0  argv_veneer.o ABSOLUTE
    ../clib/armsys.c                         0x00000000   Number         0  _get_argv_nomalloc.o ABSOLUTE
    ../clib/armsys.c                         0x00000000   Number         0  no_argv.o ABSOLUTE
    ../clib/heapalloc.c                      0x00000000   Number         0  hrguard.o ABSOLUTE
    ../clib/heapaux.c                        0x00000000   Number         0  heapauxi.o ABSOLUTE
    ../clib/libinit.s                        0x00000000   Number         0  libinit.o ABSOLUTE
    ../clib/libinit.s                        0x00000000   Number         0  libinit2.o ABSOLUTE
    ../clib/libinit.s                        0x00000000   Number         0  libshutdown.o ABSOLUTE
    ../clib/libinit.s                        0x00000000   Number         0  libshutdown2.o ABSOLUTE
    ../clib/memcpset.s                       0x00000000   Number         0  rt_memclr_w.o ABSOLUTE
    ../clib/signal.c                         0x00000000   Number         0  defsig_rtmem_outer.o ABSOLUTE
    ../clib/signal.c                         0x00000000   Number         0  defsig_rtmem_formal.o ABSOLUTE
    ../clib/signal.c                         0x00000000   Number         0  defsig_exit.o ABSOLUTE
    ../clib/signal.c                         0x00000000   Number         0  defsig_rtmem_inner.o ABSOLUTE
    ../clib/signal.c                         0x00000000   Number         0  __raise.o ABSOLUTE
    ../clib/signal.c                         0x00000000   Number         0  defsig_general.o ABSOLUTE
    ../clib/signal.c                         0x00000000   Number         0  defsig_abrt_inner.o ABSOLUTE
    ../clib/signal.c                         0x00000000   Number         0  defsig_fpe_inner.o ABSOLUTE
    ../clib/signal.c                         0x00000000   Number         0  defsig_rtred_inner.o ABSOLUTE
    ../clib/signal.c                         0x00000000   Number         0  defsig_stak_inner.o ABSOLUTE
    ../clib/signal.c                         0x00000000   Number         0  defsig_pvfn_inner.o ABSOLUTE
    ../clib/signal.c                         0x00000000   Number         0  defsig_cppl_inner.o ABSOLUTE
    ../clib/signal.c                         0x00000000   Number         0  defsig_segv_inner.o ABSOLUTE
    ../clib/signal.c                         0x00000000   Number         0  defsig_other.o ABSOLUTE
    ../clib/signal.s                         0x00000000   Number         0  defsig.o ABSOLUTE
    ../clib/stdlib.c                         0x00000000   Number         0  exit.o ABSOLUTE
    ../fplib/dfix.s                          0x00000000   Number         0  dfix.o ABSOLUTE
    ../fplib/dflt.s                          0x00000000   Number         0  dflt_clz.o ABSOLUTE
    ../fplib/dmul.s                          0x00000000   Number         0  dmul.o ABSOLUTE
    ../fplib/dnaninf.s                       0x00000000   Number         0  dnaninf.o ABSOLUTE
    ../fplib/dretinf.s                       0x00000000   Number         0  dretinf.o ABSOLUTE
    ../fplib/fpinit.s                        0x00000000   Number         0  fpinit.o ABSOLUTE
    ../fplib/fpinit_empty.s                  0x00000000   Number         0  fpinit_empty.o ABSOLUTE
    ../fplib/usenofp.s                       0x00000000   Number         0  usenofp.o ABSOLUTE
    MY_RTOS.c                                0x00000000   Number         0  my_rtos.o ABSOLUTE
    My_application_stm32f1xx.c               0x00000000   Number         0  my_application_stm32f1xx.o ABSOLUTE
    My_sensors_lib.c                         0x00000000   Number         0  my_sensors_lib.o ABSOLUTE
    RTE/Device/STM32F103C8/startup_stm32f10x_md.s 0x00000000   Number         0  startup_stm32f10x_md.o ABSOLUTE
    dc.s                                     0x00000000   Number         0  dc.o ABSOLUTE
    main.c                                   0x00000000   Number         0  main.o ABSOLUTE
    my_assembly.s                            0x00000000   Number         0  my_assembly.o ABSOLUTE
    my_driver_stm32f1xx.c                    0x00000000   Number         0  my_driver_stm32f1xx.o ABSOLUTE
    system_stm32f10x.c                       0x00000000   Number         0  system_stm32f10x.o ABSOLUTE
    RESET                                    0x08000000   Section      236  startup_stm32f10x_md.o(RESET)
    !!!main                                  0x080000ec   Section        8  __main.o(!!!main)
    !!!scatter                               0x080000f4   Section       52  __scatter.o(!!!scatter)
    !!dczerorl2                              0x08000128   Section       90  __dczerorl2.o(!!dczerorl2)
    !!handler_zi                             0x08000184   Section       28  __scatter_zi.o(!!handler_zi)
    .ARM.Collect$$libinit$$00000000          0x080001a0   Section        2  libinit.o(.ARM.Collect$$libinit$$00000000)
    .ARM.Collect$$libinit$$00000002          0x080001a2   Section        0  libinit2.o(.ARM.Collect$$libinit$$00000002)
    .ARM.Collect$$libinit$$00000004          0x080001a2   Section        0  libinit2.o(.ARM.Collect$$libinit$$00000004)
    .ARM.Collect$$libinit$$0000000A          0x080001a2   Section        0  libinit2.o(.ARM.Collect$$libinit$$0000000A)
    .ARM.Collect$$libinit$$0000000C          0x080001a2   Section        0  libinit2.o(.ARM.Collect$$libinit$$0000000C)
    .ARM.Collect$$libinit$$0000000E          0x080001a2   Section        0  libinit2.o(.ARM.Collect$$libinit$$0000000E)
    .ARM.Collect$$libinit$$00000011          0x080001a2   Section        0  libinit2.o(.ARM.Collect$$libinit$$00000011)
    .ARM.Collect$$libinit$$00000013          0x080001a2   Section        0  libinit2.o(.ARM.Collect$$libinit$$00000013)
    .ARM.Collect$$libinit$$00000015          0x080001a2   Section        0  libinit2.o(.ARM.Collect$$libinit$$00000015)
    .ARM.Collect$$libinit$$00000017          0x080001a2   Section        0  libinit2.o(.ARM.Collect$$libinit$$00000017)
    .ARM.Collect$$libinit$$00000019          0x080001a2   Section        0  libinit2.o(.ARM.Collect$$libinit$$00000019)
    .ARM.Collect$$libinit$$0000001B          0x080001a2   Section        0  libinit2.o(.ARM.Collect$$libinit$$0000001B)
    .ARM.Collect$$libinit$$0000001D          0x080001a2   Section        0  libinit2.o(.ARM.Collect$$libinit$$0000001D)
    .ARM.Collect$$libinit$$0000001F          0x080001a2   Section        0  libinit2.o(.ARM.Collect$$libinit$$0000001F)
    .ARM.Collect$$libinit$$00000021          0x080001a2   Section        0  libinit2.o(.ARM.Collect$$libinit$$00000021)
    .ARM.Collect$$libinit$$00000023          0x080001a2   Section        0  libinit2.o(.ARM.Collect$$libinit$$00000023)
    .ARM.Collect$$libinit$$00000025          0x080001a2   Section        0  libinit2.o(.ARM.Collect$$libinit$$00000025)
    .ARM.Collect$$libinit$$0000002C          0x080001a2   Section        0  libinit2.o(.ARM.Collect$$libinit$$0000002C)
    .ARM.Collect$$libinit$$0000002E          0x080001a2   Section        0  libinit2.o(.ARM.Collect$$libinit$$0000002E)
    .ARM.Collect$$libinit$$00000030          0x080001a2   Section        0  libinit2.o(.ARM.Collect$$libinit$$00000030)
    .ARM.Collect$$libinit$$00000032          0x080001a2   Section        0  libinit2.o(.ARM.Collect$$libinit$$00000032)
    .ARM.Collect$$libinit$$00000033          0x080001a2   Section        2  libinit2.o(.ARM.Collect$$libinit$$00000033)
    .ARM.Collect$$libshutdown$$00000000      0x080001a4   Section        2  libshutdown.o(.ARM.Collect$$libshutdown$$00000000)
    .ARM.Collect$$libshutdown$$00000002      0x080001a6   Section        0  libshutdown2.o(.ARM.Collect$$libshutdown$$00000002)
    .ARM.Collect$$libshutdown$$00000004      0x080001a6   Section        0  libshutdown2.o(.ARM.Collect$$libshutdown$$00000004)
    .ARM.Collect$$libshutdown$$00000007      0x080001a6   Section        0  libshutdown2.o(.ARM.Collect$$libshutdown$$00000007)
    .ARM.Collect$$libshutdown$$0000000A      0x080001a6   Section        0  libshutdown2.o(.ARM.Collect$$libshutdown$$0000000A)
    .ARM.Collect$$libshutdown$$0000000C      0x080001a6   Section        0  libshutdown2.o(.ARM.Collect$$libshutdown$$0000000C)
    .ARM.Collect$$libshutdown$$0000000F      0x080001a6   Section        0  libshutdown2.o(.ARM.Collect$$libshutdown$$0000000F)
    .ARM.Collect$$libshutdown$$00000010      0x080001a6   Section        2  libshutdown2.o(.ARM.Collect$$libshutdown$$00000010)
    .ARM.Collect$$rtentry$$00000000          0x080001a8   Section        0  __rtentry.o(.ARM.Collect$$rtentry$$00000000)
    .ARM.Collect$$rtentry$$00000002          0x080001a8   Section        0  __rtentry2.o(.ARM.Collect$$rtentry$$00000002)
    .ARM.Collect$$rtentry$$00000004          0x080001a8   Section        6  __rtentry4.o(.ARM.Collect$$rtentry$$00000004)
    .ARM.Collect$$rtentry$$00000009          0x080001ae   Section        0  __rtentry2.o(.ARM.Collect$$rtentry$$00000009)
    .ARM.Collect$$rtentry$$0000000A          0x080001ae   Section        4  __rtentry2.o(.ARM.Collect$$rtentry$$0000000A)
    .ARM.Collect$$rtentry$$0000000C          0x080001b2   Section        0  __rtentry2.o(.ARM.Collect$$rtentry$$0000000C)
    .ARM.Collect$$rtentry$$0000000D          0x080001b2   Section        8  __rtentry2.o(.ARM.Collect$$rtentry$$0000000D)
    .ARM.Collect$$rtexit$$00000000           0x080001ba   Section        2  rtexit.o(.ARM.Collect$$rtexit$$00000000)
    .ARM.Collect$$rtexit$$00000002           0x080001bc   Section        0  rtexit2.o(.ARM.Collect$$rtexit$$00000002)
    .ARM.Collect$$rtexit$$00000003           0x080001bc   Section        4  rtexit2.o(.ARM.Collect$$rtexit$$00000003)
    .ARM.Collect$$rtexit$$00000004           0x080001c0   Section        6  rtexit2.o(.ARM.Collect$$rtexit$$00000004)
    .text                                    0x080001c8   Section       64  startup_stm32f10x_md.o(.text)
    .text                                    0x08000208   Section       78  rt_memclr_w.o(.text)
    .text                                    0x08000256   Section        0  heapauxi.o(.text)
    .text                                    0x0800025c   Section       74  sys_stackheap_outer.o(.text)
    .text                                    0x080002a6   Section        0  exit.o(.text)
    .text                                    0x080002b8   Section        8  libspace.o(.text)
    .text                                    0x080002c0   Section        0  sys_exit.o(.text)
    .text                                    0x080002cc   Section        2  use_no_semi.o(.text)
    .text                                    0x080002ce   Section        0  indicate_semi.o(.text)
    [Anonymous Symbol]                       0x080002d0   Section        0  my_sensors_lib.o(.text.DHT11_init)
    [Anonymous Symbol]                       0x080004cc   Section        0  main.o(.text.EXTI0_IRQHandler)
    [Anonymous Symbol]                       0x08000514   Section        0  main.o(.text.EXTI1_IRQHandler)
    [Anonymous Symbol]                       0x080005c4   Section        0  main.o(.text.EXTI2_IRQHandler)
    [Anonymous Symbol]                       0x08000610   Section        0  main.o(.text.EXTI3_IRQHandler)
    [Anonymous Symbol]                       0x08000678   Section        0  main.o(.text.EXTI4_IRQHandler)
    [Anonymous Symbol]                       0x080006c4   Section        0  my_driver_stm32f1xx.o(.text.EXT_config)
    [Anonymous Symbol]                       0x0800087c   Section        0  my_driver_stm32f1xx.o(.text.FLash_erase)
    [Anonymous Symbol]                       0x080008d8   Section        0  my_driver_stm32f1xx.o(.text.FLash_read_half_word)
    [Anonymous Symbol]                       0x08000928   Section        0  my_driver_stm32f1xx.o(.text.Flash_write)
    SetSysClock                              0x080009d5   Thumb Code     8  system_stm32f10x.o(.text.SetSysClock)
    [Anonymous Symbol]                       0x080009d4   Section        0  system_stm32f10x.o(.text.SetSysClock)
    SetSysClockTo72                          0x080009dd   Thumb Code   190  system_stm32f10x.o(.text.SetSysClockTo72)
    [Anonymous Symbol]                       0x080009dc   Section        0  system_stm32f10x.o(.text.SetSysClockTo72)
    [Anonymous Symbol]                       0x08000a9c   Section        0  main.o(.text.SysTick_Handler)
    [Anonymous Symbol]                       0x08000af4   Section        0  system_stm32f10x.o(.text.SystemInit)
    __NVIC_EnableIRQ                         0x08000b4d   Thumb Code    28  main.o(.text.__NVIC_EnableIRQ)
    [Anonymous Symbol]                       0x08000b4c   Section        0  main.o(.text.__NVIC_EnableIRQ)
    __NVIC_SetPriority                       0x08000b69   Thumb Code    34  main.o(.text.__NVIC_SetPriority)
    [Anonymous Symbol]                       0x08000b68   Section        0  main.o(.text.__NVIC_SetPriority)
    [Anonymous Symbol]                       0x08000b8c   Section        0  my_driver_stm32f1xx.o(.text.assert_paramater)
    [Anonymous Symbol]                       0x08000ba4   Section        0  my_sensors_lib.o(.text.covert_string)
    [Anonymous Symbol]                       0x08000c0c   Section        0  my_rtos.o(.text.enable_faults_exceptions)
    [Anonymous Symbol]                       0x08000c30   Section        0  my_rtos.o(.text.get_stack_pointer_PSP)
    [Anonymous Symbol]                       0x08000c4c   Section        0  main.o(.text.gpio_config)
    [Anonymous Symbol]                       0x08000c88   Section        0  my_application_stm32f1xx.o(.text.hienthi)
    [Anonymous Symbol]                       0x08000de0   Section        0  my_driver_stm32f1xx.o(.text.i2c_adress)
    [Anonymous Symbol]                       0x08000df0   Section        0  my_driver_stm32f1xx.o(.text.i2c_init)
    [Anonymous Symbol]                       0x08000e60   Section        0  my_driver_stm32f1xx.o(.text.i2c_mutil_data)
    [Anonymous Symbol]                       0x08000e98   Section        0  my_driver_stm32f1xx.o(.text.i2c_start)
    [Anonymous Symbol]                       0x08000eac   Section        0  my_rtos.o(.text.initial_stacks)
    [Anonymous Symbol]                       0x08000f54   Section        0  my_sensors_lib.o(.text.lcd_data)
    [Anonymous Symbol]                       0x08000f88   Section        0  my_sensors_lib.o(.text.lcd_gotoxy)
    [Anonymous Symbol]                       0x08000fc4   Section        0  my_sensors_lib.o(.text.lcd_init)
    [Anonymous Symbol]                       0x0800102c   Section        0  my_sensors_lib.o(.text.lcd_lenh)
    [Anonymous Symbol]                       0x08001060   Section        0  my_sensors_lib.o(.text.lcd_string)
    [Anonymous Symbol]                       0x08001084   Section        0  main.o(.text.main)
    [Anonymous Symbol]                       0x080010c4   Section        0  my_application_stm32f1xx.o(.text.my_fuction_dht_implement)
    [Anonymous Symbol]                       0x08001138   Section        0  main.o(.text.my_task_1)
    [Anonymous Symbol]                       0x08001164   Section        0  main.o(.text.my_task_2)
    [Anonymous Symbol]                       0x08001190   Section        0  main.o(.text.my_task_3)
    [Anonymous Symbol]                       0x08001260   Section        0  main.o(.text.my_task_ide)
    [Anonymous Symbol]                       0x08001264   Section        0  my_sensors_lib.o(.text.read_5_byte)
    [Anonymous Symbol]                       0x08001360   Section        0  my_sensors_lib.o(.text.read_bit)
    [Anonymous Symbol]                       0x08001398   Section        0  my_rtos.o(.text.save_stack_pointer)
    [Anonymous Symbol]                       0x080013b4   Section        0  my_rtos.o(.text.switch_tasks)
    [Anonymous Symbol]                       0x0800140c   Section        0  my_rtos.o(.text.systick_config)
    [Anonymous Symbol]                       0x08001428   Section        0  my_rtos.o(.text.task_delay)
    MY_CODE                                  0x0800147c   Section       70  my_assembly.o(MY_CODE)
    .L.str.15                                0x080014c2   Data          21  my_application_stm32f1xx.o(.rodata.str1.1)
    [Anonymous Symbol]                       0x080014c2   Section        0  my_application_stm32f1xx.o(.rodata.str1.1)
    .L.str.11                                0x080014d7   Data          21  my_application_stm32f1xx.o(.rodata.str1.1)
    .L.str.29                                0x080014ec   Data          22  my_application_stm32f1xx.o(.rodata.str1.1)
    .L.str.7                                 0x08001502   Data          21  my_application_stm32f1xx.o(.rodata.str1.1)
    .L.str.5                                 0x08001517   Data          21  my_application_stm32f1xx.o(.rodata.str1.1)
    .L.str.19                                0x0800152c   Data          21  my_application_stm32f1xx.o(.rodata.str1.1)
    .L.str.20                                0x08001541   Data          21  my_application_stm32f1xx.o(.rodata.str1.1)
    .L.str.21                                0x08001556   Data          21  my_application_stm32f1xx.o(.rodata.str1.1)
    .L.str.25                                0x0800156b   Data          21  my_application_stm32f1xx.o(.rodata.str1.1)
    .L.str.16                                0x08001580   Data          21  my_application_stm32f1xx.o(.rodata.str1.1)
    .L.str.1                                 0x08001595   Data          20  my_application_stm32f1xx.o(.rodata.str1.1)
    .L.str.2                                 0x080015a9   Data          20  my_application_stm32f1xx.o(.rodata.str1.1)
    .L.str.3                                 0x080015bd   Data          20  my_application_stm32f1xx.o(.rodata.str1.1)
    .L.str.6                                 0x080015d1   Data          21  my_application_stm32f1xx.o(.rodata.str1.1)
    .L.str.22                                0x080015e6   Data          21  my_application_stm32f1xx.o(.rodata.str1.1)
    .L.str.24                                0x080015fb   Data          21  my_application_stm32f1xx.o(.rodata.str1.1)
    .L.str.33                                0x08001610   Data          21  my_application_stm32f1xx.o(.rodata.str1.1)
    .L.str.23                                0x08001625   Data          21  my_application_stm32f1xx.o(.rodata.str1.1)
    .L.str.17                                0x0800163a   Data          20  my_application_stm32f1xx.o(.rodata.str1.1)
    .L.str.12                                0x0800164e   Data          21  my_application_stm32f1xx.o(.rodata.str1.1)
    .L.str.13                                0x08001663   Data          21  my_application_stm32f1xx.o(.rodata.str1.1)
    .L.str.18                                0x08001678   Data          21  my_application_stm32f1xx.o(.rodata.str1.1)
    .L.str.4                                 0x0800168d   Data          21  my_application_stm32f1xx.o(.rodata.str1.1)
    .L.str.10                                0x080016a2   Data          21  my_application_stm32f1xx.o(.rodata.str1.1)
    .L.str.8                                 0x080016b7   Data          21  my_application_stm32f1xx.o(.rodata.str1.1)
    .L.str.9                                 0x080016cc   Data          21  my_application_stm32f1xx.o(.rodata.str1.1)
    .L.str.27                                0x080016e1   Data          22  my_application_stm32f1xx.o(.rodata.str1.1)
    .L.str.28                                0x080016f7   Data          22  my_application_stm32f1xx.o(.rodata.str1.1)
    .L.str.26                                0x0800170d   Data          21  my_application_stm32f1xx.o(.rodata.str1.1)
    .L.str.30                                0x08001722   Data          21  my_application_stm32f1xx.o(.rodata.str1.1)
    .L.str.14                                0x08001737   Data          21  my_application_stm32f1xx.o(.rodata.str1.1)
    .L.str                                   0x0800174c   Data          21  my_application_stm32f1xx.o(.rodata.str1.1)
    .L.str.34                                0x08001761   Data           2  my_application_stm32f1xx.o(.rodata.str1.1)
    .L.str.31                                0x08001763   Data          21  my_application_stm32f1xx.o(.rodata.str1.1)
    .L.str.32                                0x08001778   Data          21  my_application_stm32f1xx.o(.rodata.str1.1)
    position_current                         0x200002fe   Data           1  main.o(.data.position_current)
    [Anonymous Symbol]                       0x200002fe   Section        0  main.o(.data.position_current)
    .bss                                     0x20000300   Section       96  libspace.o(.bss)
    assert_paramater.check                   0x200003a9   Data           1  my_driver_stm32f1xx.o(.bss.assert_paramater.check)
    [Anonymous Symbol]                       0x200003a9   Section        0  my_driver_stm32f1xx.o(.bss.assert_paramater.check)
    Heap_Mem                                 0x200003b8   Data         512  startup_stm32f10x_md.o(HEAP)
    HEAP                                     0x200003b8   Section      512  startup_stm32f10x_md.o(HEAP)
    Stack_Mem                                0x200005b8   Data        1024  startup_stm32f10x_md.o(STACK)
    STACK                                    0x200005b8   Section     1024  startup_stm32f10x_md.o(STACK)
    __initial_sp                             0x200009b8   Data           0  startup_stm32f10x_md.o(STACK)

    Global Symbols

    Symbol Name                              Value     Ov Type        Size  Object(Section)

    BuildAttributes$$THM_ISAv4$P$D$K$B$S$PE$A:L22UL41UL21$X:L11$S22US41US21$IEEE1$IW$~IW$USESV6$~STKCKD$USESV7$~SHL$OTIME$ROPI$EBA8$UX$STANDARDLIB$REQ8$PRES8$EABIv2 0x00000000   Number         0  anon$$obj.o ABSOLUTE
    __fp_init_empty                          0x00000000   Number         0  fpinit_empty.o ABSOLUTE
    __ARM_exceptions_init                     - Undefined Weak Reference
    __alloca_initialize                       - Undefined Weak Reference
    __arm_preinit_                            - Undefined Weak Reference
    __cpp_initialize__aeabi_                  - Undefined Weak Reference
    __cxa_finalize                            - Undefined Weak Reference
    __rt_locale                               - Undefined Weak Reference
    __sigvec_lookup                           - Undefined Weak Reference
    _atexit_init                              - Undefined Weak Reference
    _call_atexit_fns                          - Undefined Weak Reference
    _clock_init                               - Undefined Weak Reference
    _fp_trap_init                             - Undefined Weak Reference
    _fp_trap_shutdown                         - Undefined Weak Reference
    _get_lc_collate                           - Undefined Weak Reference
    _get_lc_ctype                             - Undefined Weak Reference
    _get_lc_monetary                          - Undefined Weak Reference
    _get_lc_numeric                           - Undefined Weak Reference
    _get_lc_time                              - Undefined Weak Reference
    _getenv_init                              - Undefined Weak Reference
    _handle_redirection                       - Undefined Weak Reference
    _init_alloc                               - Undefined Weak Reference
    _init_user_alloc                          - Undefined Weak Reference
    _initio                                   - Undefined Weak Reference
    _rand_init                                - Undefined Weak Reference
    _signal_finish                            - Undefined Weak Reference
    _signal_init                              - Undefined Weak Reference
    _terminate_alloc                          - Undefined Weak Reference
    _terminate_user_alloc                     - Undefined Weak Reference
    _terminateio                              - Undefined Weak Reference
    __Vectors_Size                           0x000000ec   Number         0  startup_stm32f10x_md.o ABSOLUTE
    __Vectors                                0x08000000   Data           4  startup_stm32f10x_md.o(RESET)
    __Vectors_End                            0x080000ec   Data           0  startup_stm32f10x_md.o(RESET)
    __main                                   0x080000ed   Thumb Code     8  __main.o(!!!main)
    __scatterload                            0x080000f5   Thumb Code     0  __scatter.o(!!!scatter)
    __scatterload_rt2                        0x080000f5   Thumb Code    44  __scatter.o(!!!scatter)
    __scatterload_rt2_thumb_only             0x080000f5   Thumb Code     0  __scatter.o(!!!scatter)
    __scatterload_null                       0x08000103   Thumb Code     0  __scatter.o(!!!scatter)
    __decompress                             0x08000129   Thumb Code    90  __dczerorl2.o(!!dczerorl2)
    __decompress1                            0x08000129   Thumb Code     0  __dczerorl2.o(!!dczerorl2)
    __scatterload_zeroinit                   0x08000185   Thumb Code    28  __scatter_zi.o(!!handler_zi)
    __rt_lib_init                            0x080001a1   Thumb Code     0  libinit.o(.ARM.Collect$$libinit$$00000000)
    __rt_lib_init_alloca_1                   0x080001a3   Thumb Code     0  libinit2.o(.ARM.Collect$$libinit$$0000002E)
    __rt_lib_init_argv_1                     0x080001a3   Thumb Code     0  libinit2.o(.ARM.Collect$$libinit$$0000002C)
    __rt_lib_init_atexit_1                   0x080001a3   Thumb Code     0  libinit2.o(.ARM.Collect$$libinit$$0000001B)
    __rt_lib_init_clock_1                    0x080001a3   Thumb Code     0  libinit2.o(.ARM.Collect$$libinit$$00000021)
    __rt_lib_init_cpp_1                      0x080001a3   Thumb Code     0  libinit2.o(.ARM.Collect$$libinit$$00000032)
    __rt_lib_init_exceptions_1               0x080001a3   Thumb Code     0  libinit2.o(.ARM.Collect$$libinit$$00000030)
    __rt_lib_init_fp_1                       0x080001a3   Thumb Code     0  libinit2.o(.ARM.Collect$$libinit$$00000002)
    __rt_lib_init_fp_trap_1                  0x080001a3   Thumb Code     0  libinit2.o(.ARM.Collect$$libinit$$0000001F)
    __rt_lib_init_getenv_1                   0x080001a3   Thumb Code     0  libinit2.o(.ARM.Collect$$libinit$$00000023)
    __rt_lib_init_heap_1                     0x080001a3   Thumb Code     0  libinit2.o(.ARM.Collect$$libinit$$0000000A)
    __rt_lib_init_lc_collate_1               0x080001a3   Thumb Code     0  libinit2.o(.ARM.Collect$$libinit$$00000011)
    __rt_lib_init_lc_ctype_1                 0x080001a3   Thumb Code     0  libinit2.o(.ARM.Collect$$libinit$$00000013)
    __rt_lib_init_lc_monetary_1              0x080001a3   Thumb Code     0  libinit2.o(.ARM.Collect$$libinit$$00000015)
    __rt_lib_init_lc_numeric_1               0x080001a3   Thumb Code     0  libinit2.o(.ARM.Collect$$libinit$$00000017)
    __rt_lib_init_lc_time_1                  0x080001a3   Thumb Code     0  libinit2.o(.ARM.Collect$$libinit$$00000019)
    __rt_lib_init_preinit_1                  0x080001a3   Thumb Code     0  libinit2.o(.ARM.Collect$$libinit$$00000004)
    __rt_lib_init_rand_1                     0x080001a3   Thumb Code     0  libinit2.o(.ARM.Collect$$libinit$$0000000E)
    __rt_lib_init_return                     0x080001a3   Thumb Code     0  libinit2.o(.ARM.Collect$$libinit$$00000033)
    __rt_lib_init_signal_1                   0x080001a3   Thumb Code     0  libinit2.o(.ARM.Collect$$libinit$$0000001D)
    __rt_lib_init_stdio_1                    0x080001a3   Thumb Code     0  libinit2.o(.ARM.Collect$$libinit$$00000025)
    __rt_lib_init_user_alloc_1               0x080001a3   Thumb Code     0  libinit2.o(.ARM.Collect$$libinit$$0000000C)
    __rt_lib_shutdown                        0x080001a5   Thumb Code     0  libshutdown.o(.ARM.Collect$$libshutdown$$00000000)
    __rt_lib_shutdown_cpp_1                  0x080001a7   Thumb Code     0  libshutdown2.o(.ARM.Collect$$libshutdown$$00000002)
    __rt_lib_shutdown_fp_trap_1              0x080001a7   Thumb Code     0  libshutdown2.o(.ARM.Collect$$libshutdown$$00000007)
    __rt_lib_shutdown_heap_1                 0x080001a7   Thumb Code     0  libshutdown2.o(.ARM.Collect$$libshutdown$$0000000F)
    __rt_lib_shutdown_return                 0x080001a7   Thumb Code     0  libshutdown2.o(.ARM.Collect$$libshutdown$$00000010)
    __rt_lib_shutdown_signal_1               0x080001a7   Thumb Code     0  libshutdown2.o(.ARM.Collect$$libshutdown$$0000000A)
    __rt_lib_shutdown_stdio_1                0x080001a7   Thumb Code     0  libshutdown2.o(.ARM.Collect$$libshutdown$$00000004)
    __rt_lib_shutdown_user_alloc_1           0x080001a7   Thumb Code     0  libshutdown2.o(.ARM.Collect$$libshutdown$$0000000C)
    __rt_entry                               0x080001a9   Thumb Code     0  __rtentry.o(.ARM.Collect$$rtentry$$00000000)
    __rt_entry_presh_1                       0x080001a9   Thumb Code     0  __rtentry2.o(.ARM.Collect$$rtentry$$00000002)
    __rt_entry_sh                            0x080001a9   Thumb Code     0  __rtentry4.o(.ARM.Collect$$rtentry$$00000004)
    __rt_entry_li                            0x080001af   Thumb Code     0  __rtentry2.o(.ARM.Collect$$rtentry$$0000000A)
    __rt_entry_postsh_1                      0x080001af   Thumb Code     0  __rtentry2.o(.ARM.Collect$$rtentry$$00000009)
    __rt_entry_main                          0x080001b3   Thumb Code     0  __rtentry2.o(.ARM.Collect$$rtentry$$0000000D)
    __rt_entry_postli_1                      0x080001b3   Thumb Code     0  __rtentry2.o(.ARM.Collect$$rtentry$$0000000C)
    __rt_exit                                0x080001bb   Thumb Code     0  rtexit.o(.ARM.Collect$$rtexit$$00000000)
    __rt_exit_ls                             0x080001bd   Thumb Code     0  rtexit2.o(.ARM.Collect$$rtexit$$00000003)
    __rt_exit_prels_1                        0x080001bd   Thumb Code     0  rtexit2.o(.ARM.Collect$$rtexit$$00000002)
    __rt_exit_exit                           0x080001c1   Thumb Code     0  rtexit2.o(.ARM.Collect$$rtexit$$00000004)
    Reset_Handler                            0x080001c9   Thumb Code     8  startup_stm32f10x_md.o(.text)
    NMI_Handler                              0x080001d1   Thumb Code     2  startup_stm32f10x_md.o(.text)
    HardFault_Handler                        0x080001d3   Thumb Code     2  startup_stm32f10x_md.o(.text)
    MemManage_Handler                        0x080001d5   Thumb Code     2  startup_stm32f10x_md.o(.text)
    BusFault_Handler                         0x080001d7   Thumb Code     2  startup_stm32f10x_md.o(.text)
    UsageFault_Handler                       0x080001d9   Thumb Code     2  startup_stm32f10x_md.o(.text)
    SVC_Handler                              0x080001db   Thumb Code     2  startup_stm32f10x_md.o(.text)
    DebugMon_Handler                         0x080001dd   Thumb Code     2  startup_stm32f10x_md.o(.text)
    ADC1_2_IRQHandler                        0x080001e3   Thumb Code     0  startup_stm32f10x_md.o(.text)
    CAN1_RX1_IRQHandler                      0x080001e3   Thumb Code     0  startup_stm32f10x_md.o(.text)
    CAN1_SCE_IRQHandler                      0x080001e3   Thumb Code     0  startup_stm32f10x_md.o(.text)
    DMA1_Channel1_IRQHandler                 0x080001e3   Thumb Code     0  startup_stm32f10x_md.o(.text)
    DMA1_Channel2_IRQHandler                 0x080001e3   Thumb Code     0  startup_stm32f10x_md.o(.text)
    DMA1_Channel3_IRQHandler                 0x080001e3   Thumb Code     0  startup_stm32f10x_md.o(.text)
    DMA1_Channel4_IRQHandler                 0x080001e3   Thumb Code     0  startup_stm32f10x_md.o(.text)
    DMA1_Channel5_IRQHandler                 0x080001e3   Thumb Code     0  startup_stm32f10x_md.o(.text)
    DMA1_Channel6_IRQHandler                 0x080001e3   Thumb Code     0  startup_stm32f10x_md.o(.text)
    DMA1_Channel7_IRQHandler                 0x080001e3   Thumb Code     0  startup_stm32f10x_md.o(.text)
    EXTI15_10_IRQHandler                     0x080001e3   Thumb Code     0  startup_stm32f10x_md.o(.text)
    EXTI9_5_IRQHandler                       0x080001e3   Thumb Code     0  startup_stm32f10x_md.o(.text)
    FLASH_IRQHandler                         0x080001e3   Thumb Code     0  startup_stm32f10x_md.o(.text)
    I2C1_ER_IRQHandler                       0x080001e3   Thumb Code     0  startup_stm32f10x_md.o(.text)
    I2C1_EV_IRQHandler                       0x080001e3   Thumb Code     0  startup_stm32f10x_md.o(.text)
    I2C2_ER_IRQHandler                       0x080001e3   Thumb Code     0  startup_stm32f10x_md.o(.text)
    I2C2_EV_IRQHandler                       0x080001e3   Thumb Code     0  startup_stm32f10x_md.o(.text)
    PVD_IRQHandler                           0x080001e3   Thumb Code     0  startup_stm32f10x_md.o(.text)
    RCC_IRQHandler                           0x080001e3   Thumb Code     0  startup_stm32f10x_md.o(.text)
    RTCAlarm_IRQHandler                      0x080001e3   Thumb Code     0  startup_stm32f10x_md.o(.text)
    RTC_IRQHandler                           0x080001e3   Thumb Code     0  startup_stm32f10x_md.o(.text)
    SPI1_IRQHandler                          0x080001e3   Thumb Code     0  startup_stm32f10x_md.o(.text)
    SPI2_IRQHandler                          0x080001e3   Thumb Code     0  startup_stm32f10x_md.o(.text)
    TAMPER_IRQHandler                        0x080001e3   Thumb Code     0  startup_stm32f10x_md.o(.text)
    TIM1_BRK_IRQHandler                      0x080001e3   Thumb Code     0  startup_stm32f10x_md.o(.text)
    TIM1_CC_IRQHandler                       0x080001e3   Thumb Code     0  startup_stm32f10x_md.o(.text)
    TIM1_TRG_COM_IRQHandler                  0x080001e3   Thumb Code     0  startup_stm32f10x_md.o(.text)
    TIM1_UP_IRQHandler                       0x080001e3   Thumb Code     0  startup_stm32f10x_md.o(.text)
    TIM2_IRQHandler                          0x080001e3   Thumb Code     0  startup_stm32f10x_md.o(.text)
    TIM3_IRQHandler                          0x080001e3   Thumb Code     0  startup_stm32f10x_md.o(.text)
    TIM4_IRQHandler                          0x080001e3   Thumb Code     0  startup_stm32f10x_md.o(.text)
    USART1_IRQHandler                        0x080001e3   Thumb Code     0  startup_stm32f10x_md.o(.text)
    USART2_IRQHandler                        0x080001e3   Thumb Code     0  startup_stm32f10x_md.o(.text)
    USART3_IRQHandler                        0x080001e3   Thumb Code     0  startup_stm32f10x_md.o(.text)
    USBWakeUp_IRQHandler                     0x080001e3   Thumb Code     0  startup_stm32f10x_md.o(.text)
    USB_HP_CAN1_TX_IRQHandler                0x080001e3   Thumb Code     0  startup_stm32f10x_md.o(.text)
    USB_LP_CAN1_RX0_IRQHandler               0x080001e3   Thumb Code     0  startup_stm32f10x_md.o(.text)
    WWDG_IRQHandler                          0x080001e3   Thumb Code     0  startup_stm32f10x_md.o(.text)
    __user_initial_stackheap                 0x080001e5   Thumb Code     0  startup_stm32f10x_md.o(.text)
    __aeabi_memclr4                          0x08000209   Thumb Code     0  rt_memclr_w.o(.text)
    __aeabi_memclr8                          0x08000209   Thumb Code     0  rt_memclr_w.o(.text)
    __rt_memclr_w                            0x08000209   Thumb Code    78  rt_memclr_w.o(.text)
    _memset_w                                0x0800020d   Thumb Code     0  rt_memclr_w.o(.text)
    __use_two_region_memory                  0x08000257   Thumb Code     2  heapauxi.o(.text)
    __rt_heap_escrow$2region                 0x08000259   Thumb Code     2  heapauxi.o(.text)
    __rt_heap_expand$2region                 0x0800025b   Thumb Code     2  heapauxi.o(.text)
    __user_setup_stackheap                   0x0800025d   Thumb Code    74  sys_stackheap_outer.o(.text)
    exit                                     0x080002a7   Thumb Code    18  exit.o(.text)
    __user_libspace                          0x080002b9   Thumb Code     8  libspace.o(.text)
    __user_perproc_libspace                  0x080002b9   Thumb Code     0  libspace.o(.text)
    __user_perthread_libspace                0x080002b9   Thumb Code     0  libspace.o(.text)
    _sys_exit                                0x080002c1   Thumb Code     8  sys_exit.o(.text)
    __I$use$semihosting                      0x080002cd   Thumb Code     0  use_no_semi.o(.text)
    __use_no_semihosting_swi                 0x080002cd   Thumb Code     2  use_no_semi.o(.text)
    __semihosting_library_function           0x080002cf   Thumb Code     0  indicate_semi.o(.text)
    DHT11_init                               0x080002d1   Thumb Code   506  my_sensors_lib.o(.text.DHT11_init)
    EXTI0_IRQHandler                         0x080004cd   Thumb Code    72  main.o(.text.EXTI0_IRQHandler)
    EXTI1_IRQHandler                         0x08000515   Thumb Code   174  main.o(.text.EXTI1_IRQHandler)
    EXTI2_IRQHandler                         0x080005c5   Thumb Code    74  main.o(.text.EXTI2_IRQHandler)
    EXTI3_IRQHandler                         0x08000611   Thumb Code   104  main.o(.text.EXTI3_IRQHandler)
    EXTI4_IRQHandler                         0x08000679   Thumb Code    74  main.o(.text.EXTI4_IRQHandler)
    EXT_config                               0x080006c5   Thumb Code   440  my_driver_stm32f1xx.o(.text.EXT_config)
    FLash_erase                              0x0800087d   Thumb Code    92  my_driver_stm32f1xx.o(.text.FLash_erase)
    FLash_read_half_word                     0x080008d9   Thumb Code    78  my_driver_stm32f1xx.o(.text.FLash_read_half_word)
    Flash_write                              0x08000929   Thumb Code   172  my_driver_stm32f1xx.o(.text.Flash_write)
    SysTick_Handler                          0x08000a9d   Thumb Code    86  main.o(.text.SysTick_Handler)
    SystemInit                               0x08000af5   Thumb Code    86  system_stm32f10x.o(.text.SystemInit)
    assert_paramater                         0x08000b8d   Thumb Code    24  my_driver_stm32f1xx.o(.text.assert_paramater)
    covert_string                            0x08000ba5   Thumb Code   102  my_sensors_lib.o(.text.covert_string)
    enable_faults_exceptions                 0x08000c0d   Thumb Code    34  my_rtos.o(.text.enable_faults_exceptions)
    get_stack_pointer_PSP                    0x08000c31   Thumb Code    26  my_rtos.o(.text.get_stack_pointer_PSP)
    gpio_config                              0x08000c4d   Thumb Code    58  main.o(.text.gpio_config)
    hienthi                                  0x08000c89   Thumb Code   344  my_application_stm32f1xx.o(.text.hienthi)
    i2c_adress                               0x08000de1   Thumb Code    16  my_driver_stm32f1xx.o(.text.i2c_adress)
    i2c_init                                 0x08000df1   Thumb Code   110  my_driver_stm32f1xx.o(.text.i2c_init)
    i2c_mutil_data                           0x08000e61   Thumb Code    54  my_driver_stm32f1xx.o(.text.i2c_mutil_data)
    i2c_start                                0x08000e99   Thumb Code    18  my_driver_stm32f1xx.o(.text.i2c_start)
    initial_stacks                           0x08000ead   Thumb Code   166  my_rtos.o(.text.initial_stacks)
    lcd_data                                 0x08000f55   Thumb Code    52  my_sensors_lib.o(.text.lcd_data)
    lcd_gotoxy                               0x08000f89   Thumb Code    58  my_sensors_lib.o(.text.lcd_gotoxy)
    lcd_init                                 0x08000fc5   Thumb Code   104  my_sensors_lib.o(.text.lcd_init)
    lcd_lenh                                 0x0800102d   Thumb Code    52  my_sensors_lib.o(.text.lcd_lenh)
    lcd_string                               0x08001061   Thumb Code    34  my_sensors_lib.o(.text.lcd_string)
    main                                     0x08001085   Thumb Code    64  main.o(.text.main)
    my_fuction_dht_implement                 0x080010c5   Thumb Code   114  my_application_stm32f1xx.o(.text.my_fuction_dht_implement)
    my_task_1                                0x08001139   Thumb Code    42  main.o(.text.my_task_1)
    my_task_2                                0x08001165   Thumb Code    42  main.o(.text.my_task_2)
    my_task_3                                0x08001191   Thumb Code   206  main.o(.text.my_task_3)
    my_task_ide                              0x08001261   Thumb Code     2  main.o(.text.my_task_ide)
    read_5_byte                              0x08001265   Thumb Code   252  my_sensors_lib.o(.text.read_5_byte)
    read_bit                                 0x08001361   Thumb Code    54  my_sensors_lib.o(.text.read_bit)
    save_stack_pointer                       0x08001399   Thumb Code    26  my_rtos.o(.text.save_stack_pointer)
    switch_tasks                             0x080013b5   Thumb Code    86  my_rtos.o(.text.switch_tasks)
    systick_config                           0x0800140d   Thumb Code    28  my_rtos.o(.text.systick_config)
    task_delay                               0x08001429   Thumb Code    82  my_rtos.o(.text.task_delay)
    initial_stack_handler_mode               0x0800147d   Thumb Code     0  my_assembly.o(MY_CODE)
    thread_mode_using_psp                    0x08001483   Thumb Code     0  my_assembly.o(MY_CODE)
    PendSV_Handler                           0x0800149b   Thumb Code     0  my_assembly.o(MY_CODE)
    Region$$Table$$Base                      0x08001790   Number         0  anon$$obj.o(Region$$Table)
    Region$$Table$$Limit                     0x080017b0   Number         0  anon$$obj.o(Region$$Table)
    ACTUATORS_1                              0x20000000   Data          72  my_application_stm32f1xx.o(.data.ACTUATORS_1)
    ARR_MY_FUNCTION                          0x20000048   Data          16  main.o(.data.ARR_MY_FUNCTION)
    DHT11_1                                  0x20000058   Data          72  my_application_stm32f1xx.o(.data.DHT11_1)
    DHT11_INITIAL                            0x200000a0   Data          20  main.o(.data.DHT11_INITIAL)
    GARDEN_1                                 0x200000b4   Data          72  my_application_stm32f1xx.o(.data.GARDEN_1)
    GARDEN_2                                 0x200000fc   Data          72  my_application_stm32f1xx.o(.data.GARDEN_2)
    GARDEN_3                                 0x20000144   Data          72  my_application_stm32f1xx.o(.data.GARDEN_3)
    MAIN_MENU                                0x2000018c   Data          72  my_application_stm32f1xx.o(.data.MAIN_MENU)
    MENU_ACTIVE                              0x200001d4   Data           4  main.o(.data.MENU_ACTIVE)
    OUTHOUSE_1                               0x200001d8   Data          72  my_application_stm32f1xx.o(.data.OUTHOUSE_1)
    SENSORS_1                                0x20000220   Data          72  my_application_stm32f1xx.o(.data.SENSORS_1)
    SETTING_1                                0x20000268   Data          72  my_application_stm32f1xx.o(.data.SETTING_1)
    THRESOLD_1                               0x200002b0   Data          72  my_application_stm32f1xx.o(.data.THRESOLD_1)
    current_task                             0x200002f8   Data           1  my_rtos.o(.data.current_task)
    data_dht11                               0x200002f9   Data           5  main.o(.data.data_dht11)
    __libspace_start                         0x20000300   Data          96  libspace.o(.bss)
    S_SAMPLE                                 0x20000360   Data          20  my_application_stm32f1xx.o(.bss.S_SAMPLE)
    __temporary_stack_top$libspace           0x20000360   Data           0  libspace.o(.bss)
    TASKS                                    0x20000374   Data          52  my_rtos.o(.bss.TASKS)
    _byte                                    0x200003a8   Data           1  my_sensors_lib.o(.bss._byte)
    data_thresold                            0x200003ac   Data           8  main.o(.bss.data_thresold)
    g_count                                  0x200003b4   Data           4  my_rtos.o(.bss.g_count)



==============================================================================

Memory Map of the image

  Image Entry point : 0x080001c9

  Load Region LR_1 (Base: 0x08000000, Size: 0x00001ab0, Max: 0xffffffff, ABSOLUTE, COMPRESSED[0x000018a4])

    Execution Region ER_RO (Exec base: 0x08000000, Load base: 0x08000000, Size: 0x000017b0, Max: 0xffffffff, ABSOLUTE)

    Exec Addr    Load Addr    Size         Type   Attr      Idx    E Section Name        Object

    0x08000000   0x08000000   0x000000ec   Data   RO          222    RESET               startup_stm32f10x_md.o
    0x080000ec   0x080000ec   0x00000008   Code   RO          251  * !!!main             c_w.l(__main.o)
    0x080000f4   0x080000f4   0x00000034   Code   RO          433    !!!scatter          c_w.l(__scatter.o)
    0x08000128   0x08000128   0x0000005a   Code   RO          431    !!dczerorl2         c_w.l(__dczerorl2.o)
    0x08000182   0x08000182   0x00000002   PAD
    0x08000184   0x08000184   0x0000001c   Code   RO          435    !!handler_zi        c_w.l(__scatter_zi.o)
    0x080001a0   0x080001a0   0x00000002   Code   RO          295    .ARM.Collect$$libinit$$00000000  c_w.l(libinit.o)
    0x080001a2   0x080001a2   0x00000000   Code   RO          302    .ARM.Collect$$libinit$$00000002  c_w.l(libinit2.o)
    0x080001a2   0x080001a2   0x00000000   Code   RO          304    .ARM.Collect$$libinit$$00000004  c_w.l(libinit2.o)
    0x080001a2   0x080001a2   0x00000000   Code   RO          307    .ARM.Collect$$libinit$$0000000A  c_w.l(libinit2.o)
    0x080001a2   0x080001a2   0x00000000   Code   RO          309    .ARM.Collect$$libinit$$0000000C  c_w.l(libinit2.o)
    0x080001a2   0x080001a2   0x00000000   Code   RO          311    .ARM.Collect$$libinit$$0000000E  c_w.l(libinit2.o)
    0x080001a2   0x080001a2   0x00000000   Code   RO          314    .ARM.Collect$$libinit$$00000011  c_w.l(libinit2.o)
    0x080001a2   0x080001a2   0x00000000   Code   RO          316    .ARM.Collect$$libinit$$00000013  c_w.l(libinit2.o)
    0x080001a2   0x080001a2   0x00000000   Code   RO          318    .ARM.Collect$$libinit$$00000015  c_w.l(libinit2.o)
    0x080001a2   0x080001a2   0x00000000   Code   RO          320    .ARM.Collect$$libinit$$00000017  c_w.l(libinit2.o)
    0x080001a2   0x080001a2   0x00000000   Code   RO          322    .ARM.Collect$$libinit$$00000019  c_w.l(libinit2.o)
    0x080001a2   0x080001a2   0x00000000   Code   RO          324    .ARM.Collect$$libinit$$0000001B  c_w.l(libinit2.o)
    0x080001a2   0x080001a2   0x00000000   Code   RO          326    .ARM.Collect$$libinit$$0000001D  c_w.l(libinit2.o)
    0x080001a2   0x080001a2   0x00000000   Code   RO          328    .ARM.Collect$$libinit$$0000001F  c_w.l(libinit2.o)
    0x080001a2   0x080001a2   0x00000000   Code   RO          330    .ARM.Collect$$libinit$$00000021  c_w.l(libinit2.o)
    0x080001a2   0x080001a2   0x00000000   Code   RO          332    .ARM.Collect$$libinit$$00000023  c_w.l(libinit2.o)
    0x080001a2   0x080001a2   0x00000000   Code   RO          334    .ARM.Collect$$libinit$$00000025  c_w.l(libinit2.o)
    0x080001a2   0x080001a2   0x00000000   Code   RO          338    .ARM.Collect$$libinit$$0000002C  c_w.l(libinit2.o)
    0x080001a2   0x080001a2   0x00000000   Code   RO          340    .ARM.Collect$$libinit$$0000002E  c_w.l(libinit2.o)
    0x080001a2   0x080001a2   0x00000000   Code   RO          342    .ARM.Collect$$libinit$$00000030  c_w.l(libinit2.o)
    0x080001a2   0x080001a2   0x00000000   Code   RO          344    .ARM.Collect$$libinit$$00000032  c_w.l(libinit2.o)
    0x080001a2   0x080001a2   0x00000002   Code   RO          345    .ARM.Collect$$libinit$$00000033  c_w.l(libinit2.o)
    0x080001a4   0x080001a4   0x00000002   Code   RO          367    .ARM.Collect$$libshutdown$$00000000  c_w.l(libshutdown.o)
    0x080001a6   0x080001a6   0x00000000   Code   RO          382    .ARM.Collect$$libshutdown$$00000002  c_w.l(libshutdown2.o)
    0x080001a6   0x080001a6   0x00000000   Code   RO          384    .ARM.Collect$$libshutdown$$00000004  c_w.l(libshutdown2.o)
    0x080001a6   0x080001a6   0x00000000   Code   RO          387    .ARM.Collect$$libshutdown$$00000007  c_w.l(libshutdown2.o)
    0x080001a6   0x080001a6   0x00000000   Code   RO          390    .ARM.Collect$$libshutdown$$0000000A  c_w.l(libshutdown2.o)
    0x080001a6   0x080001a6   0x00000000   Code   RO          392    .ARM.Collect$$libshutdown$$0000000C  c_w.l(libshutdown2.o)
    0x080001a6   0x080001a6   0x00000000   Code   RO          395    .ARM.Collect$$libshutdown$$0000000F  c_w.l(libshutdown2.o)
    0x080001a6   0x080001a6   0x00000002   Code   RO          396    .ARM.Collect$$libshutdown$$00000010  c_w.l(libshutdown2.o)
    0x080001a8   0x080001a8   0x00000000   Code   RO          265    .ARM.Collect$$rtentry$$00000000  c_w.l(__rtentry.o)
    0x080001a8   0x080001a8   0x00000000   Code   RO          272    .ARM.Collect$$rtentry$$00000002  c_w.l(__rtentry2.o)
    0x080001a8   0x080001a8   0x00000006   Code   RO          284    .ARM.Collect$$rtentry$$00000004  c_w.l(__rtentry4.o)
    0x080001ae   0x080001ae   0x00000000   Code   RO          274    .ARM.Collect$$rtentry$$00000009  c_w.l(__rtentry2.o)
    0x080001ae   0x080001ae   0x00000004   Code   RO          275    .ARM.Collect$$rtentry$$0000000A  c_w.l(__rtentry2.o)
    0x080001b2   0x080001b2   0x00000000   Code   RO          277    .ARM.Collect$$rtentry$$0000000C  c_w.l(__rtentry2.o)
    0x080001b2   0x080001b2   0x00000008   Code   RO          278    .ARM.Collect$$rtentry$$0000000D  c_w.l(__rtentry2.o)
    0x080001ba   0x080001ba   0x00000002   Code   RO          299    .ARM.Collect$$rtexit$$00000000  c_w.l(rtexit.o)
    0x080001bc   0x080001bc   0x00000000   Code   RO          347    .ARM.Collect$$rtexit$$00000002  c_w.l(rtexit2.o)
    0x080001bc   0x080001bc   0x00000004   Code   RO          348    .ARM.Collect$$rtexit$$00000003  c_w.l(rtexit2.o)
    0x080001c0   0x080001c0   0x00000006   Code   RO          349    .ARM.Collect$$rtexit$$00000004  c_w.l(rtexit2.o)
    0x080001c6   0x080001c6   0x00000002   PAD
    0x080001c8   0x080001c8   0x00000040   Code   RO          223  * .text               startup_stm32f10x_md.o
    0x08000208   0x08000208   0x0000004e   Code   RO          247    .text               c_w.l(rt_memclr_w.o)
    0x08000256   0x08000256   0x00000006   Code   RO          249    .text               c_w.l(heapauxi.o)
    0x0800025c   0x0800025c   0x0000004a   Code   RO          286    .text               c_w.l(sys_stackheap_outer.o)
    0x080002a6   0x080002a6   0x00000012   Code   RO          288    .text               c_w.l(exit.o)
    0x080002b8   0x080002b8   0x00000008   Code   RO          296    .text               c_w.l(libspace.o)
    0x080002c0   0x080002c0   0x0000000c   Code   RO          357    .text               c_w.l(sys_exit.o)
    0x080002cc   0x080002cc   0x00000002   Code   RO          372    .text               c_w.l(use_no_semi.o)
    0x080002ce   0x080002ce   0x00000000   Code   RO          374    .text               c_w.l(indicate_semi.o)
    0x080002ce   0x080002ce   0x00000002   PAD
    0x080002d0   0x080002d0   0x000001fa   Code   RO          178    .text.DHT11_init    my_sensors_lib.o
    0x080004ca   0x080004ca   0x00000002   PAD
    0x080004cc   0x080004cc   0x00000048   Code   RO           10    .text.EXTI0_IRQHandler  main.o
    0x08000514   0x08000514   0x000000ae   Code   RO           12    .text.EXTI1_IRQHandler  main.o
    0x080005c2   0x080005c2   0x00000002   PAD
    0x080005c4   0x080005c4   0x0000004a   Code   RO           14    .text.EXTI2_IRQHandler  main.o
    0x0800060e   0x0800060e   0x00000002   PAD
    0x08000610   0x08000610   0x00000068   Code   RO           16    .text.EXTI3_IRQHandler  main.o
    0x08000678   0x08000678   0x0000004a   Code   RO           18    .text.EXTI4_IRQHandler  main.o
    0x080006c2   0x080006c2   0x00000002   PAD
    0x080006c4   0x080006c4   0x000001b8   Code   RO           97    .text.EXT_config    my_driver_stm32f1xx.o
    0x0800087c   0x0800087c   0x0000005c   Code   RO           81    .text.FLash_erase   my_driver_stm32f1xx.o
    0x080008d8   0x080008d8   0x0000004e   Code   RO           79    .text.FLash_read_half_word  my_driver_stm32f1xx.o
    0x08000926   0x08000926   0x00000002   PAD
    0x08000928   0x08000928   0x000000ac   Code   RO           75    .text.Flash_write   my_driver_stm32f1xx.o
    0x080009d4   0x080009d4   0x00000008   Code   RO          230    .text.SetSysClock   system_stm32f10x.o
    0x080009dc   0x080009dc   0x000000be   Code   RO          234    .text.SetSysClockTo72  system_stm32f10x.o
    0x08000a9a   0x08000a9a   0x00000002   PAD
    0x08000a9c   0x08000a9c   0x00000056   Code   RO           28    .text.SysTick_Handler  main.o
    0x08000af2   0x08000af2   0x00000002   PAD
    0x08000af4   0x08000af4   0x00000056   Code   RO          228    .text.SystemInit    system_stm32f10x.o
    0x08000b4a   0x08000b4a   0x00000002   PAD
    0x08000b4c   0x08000b4c   0x0000001c   Code   RO           26    .text.__NVIC_EnableIRQ  main.o
    0x08000b68   0x08000b68   0x00000022   Code   RO           24    .text.__NVIC_SetPriority  main.o
    0x08000b8a   0x08000b8a   0x00000002   PAD
    0x08000b8c   0x08000b8c   0x00000018   Code   RO           83    .text.assert_paramater  my_driver_stm32f1xx.o
    0x08000ba4   0x08000ba4   0x00000066   Code   RO          194    .text.covert_string  my_sensors_lib.o
    0x08000c0a   0x08000c0a   0x00000002   PAD
    0x08000c0c   0x08000c0c   0x00000022   Code   RO           50    .text.enable_faults_exceptions  my_rtos.o
    0x08000c2e   0x08000c2e   0x00000002   PAD
    0x08000c30   0x08000c30   0x0000001a   Code   RO           54    .text.get_stack_pointer_PSP  my_rtos.o
    0x08000c4a   0x08000c4a   0x00000002   PAD
    0x08000c4c   0x08000c4c   0x0000003a   Code   RO           22    .text.gpio_config   main.o
    0x08000c86   0x08000c86   0x00000002   PAD
    0x08000c88   0x08000c88   0x00000158   Code   RO          156    .text.hienthi       my_application_stm32f1xx.o
    0x08000de0   0x08000de0   0x00000010   Code   RO          105    .text.i2c_adress    my_driver_stm32f1xx.o
    0x08000df0   0x08000df0   0x0000006e   Code   RO          101    .text.i2c_init      my_driver_stm32f1xx.o
    0x08000e5e   0x08000e5e   0x00000002   PAD
    0x08000e60   0x08000e60   0x00000036   Code   RO          109    .text.i2c_mutil_data  my_driver_stm32f1xx.o
    0x08000e96   0x08000e96   0x00000002   PAD
    0x08000e98   0x08000e98   0x00000012   Code   RO          103    .text.i2c_start     my_driver_stm32f1xx.o
    0x08000eaa   0x08000eaa   0x00000002   PAD
    0x08000eac   0x08000eac   0x000000a6   Code   RO           52    .text.initial_stacks  my_rtos.o
    0x08000f52   0x08000f52   0x00000002   PAD
    0x08000f54   0x08000f54   0x00000034   Code   RO          186    .text.lcd_data      my_sensors_lib.o
    0x08000f88   0x08000f88   0x0000003a   Code   RO          192    .text.lcd_gotoxy    my_sensors_lib.o
    0x08000fc2   0x08000fc2   0x00000002   PAD
    0x08000fc4   0x08000fc4   0x00000068   Code   RO          188    .text.lcd_init      my_sensors_lib.o
    0x0800102c   0x0800102c   0x00000034   Code   RO          184    .text.lcd_lenh      my_sensors_lib.o
    0x08001060   0x08001060   0x00000022   Code   RO          190    .text.lcd_string    my_sensors_lib.o
    0x08001082   0x08001082   0x00000002   PAD
    0x08001084   0x08001084   0x00000040   Code   RO           20    .text.main          main.o
    0x080010c4   0x080010c4   0x00000072   Code   RO          154    .text.my_fuction_dht_implement  my_application_stm32f1xx.o
    0x08001136   0x08001136   0x00000002   PAD
    0x08001138   0x08001138   0x0000002a   Code   RO            4    .text.my_task_1     main.o
    0x08001162   0x08001162   0x00000002   PAD
    0x08001164   0x08001164   0x0000002a   Code   RO            6    .text.my_task_2     main.o
    0x0800118e   0x0800118e   0x00000002   PAD
    0x08001190   0x08001190   0x000000ce   Code   RO            8    .text.my_task_3     main.o
    0x0800125e   0x0800125e   0x00000002   PAD
    0x08001260   0x08001260   0x00000002   Code   RO            2    .text.my_task_ide   main.o
    0x08001262   0x08001262   0x00000002   PAD
    0x08001264   0x08001264   0x000000fc   Code   RO          182    .text.read_5_byte   my_sensors_lib.o
    0x08001360   0x08001360   0x00000036   Code   RO          180    .text.read_bit      my_sensors_lib.o
    0x08001396   0x08001396   0x00000002   PAD
    0x08001398   0x08001398   0x0000001a   Code   RO           56    .text.save_stack_pointer  my_rtos.o
    0x080013b2   0x080013b2   0x00000002   PAD
    0x080013b4   0x080013b4   0x00000056   Code   RO           58    .text.switch_tasks  my_rtos.o
    0x0800140a   0x0800140a   0x00000002   PAD
    0x0800140c   0x0800140c   0x0000001c   Code   RO           62    .text.systick_config  my_rtos.o
    0x08001428   0x08001428   0x00000052   Code   RO           60    .text.task_delay    my_rtos.o
    0x0800147a   0x0800147a   0x00000002   PAD
    0x0800147c   0x0800147c   0x00000046   Code   RO           44  * MY_CODE             my_assembly.o
    0x080014c2   0x080014c2   0x000002cb   Data   RO          158    .rodata.str1.1      my_application_stm32f1xx.o
    0x0800178d   0x0800178d   0x00000003   PAD
    0x08001790   0x08001790   0x00000020   Data   RO          430    Region$$Table       anon$$obj.o


    Execution Region ER_RW (Exec base: 0x20000000, Load base: 0x080017b0, Size: 0x00000300, Max: 0xffffffff, ABSOLUTE, COMPRESSED[0x000000f4])

    Exec Addr    Load Addr    Size         Type   Attr      Idx    E Section Name        Object

    0x20000000   COMPRESSED   0x00000048   Data   RW          164    .data.ACTUATORS_1   my_application_stm32f1xx.o
    0x20000048   COMPRESSED   0x00000010   Data   RW           30    .data.ARR_MY_FUNCTION  main.o
    0x20000058   COMPRESSED   0x00000048   Data   RW          166    .data.DHT11_1       my_application_stm32f1xx.o
    0x200000a0   COMPRESSED   0x00000014   Data   RW           33    .data.DHT11_INITIAL  main.o
    0x200000b4   COMPRESSED   0x00000048   Data   RW          159    .data.GARDEN_1      my_application_stm32f1xx.o
    0x200000fc   COMPRESSED   0x00000048   Data   RW          160    .data.GARDEN_2      my_application_stm32f1xx.o
    0x20000144   COMPRESSED   0x00000048   Data   RW          161    .data.GARDEN_3      my_application_stm32f1xx.o
    0x2000018c   COMPRESSED   0x00000048   Data   RW          162    .data.MAIN_MENU     my_application_stm32f1xx.o
    0x200001d4   COMPRESSED   0x00000004   Data   RW           31    .data.MENU_ACTIVE   main.o
    0x200001d8   COMPRESSED   0x00000048   Data   RW          167    .data.OUTHOUSE_1    my_application_stm32f1xx.o
    0x20000220   COMPRESSED   0x00000048   Data   RW          163    .data.SENSORS_1     my_application_stm32f1xx.o
    0x20000268   COMPRESSED   0x00000048   Data   RW          165    .data.SETTING_1     my_application_stm32f1xx.o
    0x200002b0   COMPRESSED   0x00000048   Data   RW          168    .data.THRESOLD_1    my_application_stm32f1xx.o
    0x200002f8   COMPRESSED   0x00000001   Data   RW           65    .data.current_task  my_rtos.o
    0x200002f9   COMPRESSED   0x00000005   Data   RW           32    .data.data_dht11    main.o
    0x200002fe   COMPRESSED   0x00000001   Data   RW           34    .data.position_current  main.o


    Execution Region ER_ZI (Exec base: 0x20000300, Load base: 0x080018a4, Size: 0x000006b8, Max: 0xffffffff, ABSOLUTE)

    Exec Addr    Load Addr    Size         Type   Attr      Idx    E Section Name        Object

    0x20000300        -       0x00000060   Zero   RW          297    .bss                c_w.l(libspace.o)
    0x20000360        -       0x00000014   Zero   RW          169    .bss.S_SAMPLE       my_application_stm32f1xx.o
    0x20000374        -       0x00000034   Zero   RW           66    .bss.TASKS          my_rtos.o
    0x200003a8        -       0x00000001   Zero   RW          210    .bss._byte          my_sensors_lib.o
    0x200003a9        -       0x00000001   Zero   RW          145    .bss.assert_paramater.check  my_driver_stm32f1xx.o
    0x200003aa   0x080018a4   0x00000002   PAD
    0x200003ac        -       0x00000008   Zero   RW           35    .bss.data_thresold  main.o
    0x200003b4        -       0x00000004   Zero   RW           64    .bss.g_count        my_rtos.o
    0x200003b8        -       0x00000200   Zero   RW          221    HEAP                startup_stm32f10x_md.o
    0x200005b8        -       0x00000400   Zero   RW          220    STACK               startup_stm32f10x_md.o


==============================================================================

Image component sizes


      Code (inc. data)   RO Data    RW Data    ZI Data      Debug   Object Name

      1060          0          0         46          8       8359   main.o
       458          4        715        720         20       4469   my_application_stm32f1xx.o
        70          0          0          0          0        260   my_assembly.o
      1004          0          0          0          1      13541   my_driver_stm32f1xx.o
       448          0          0          1         56       2950   my_rtos.o
      1214          4          0          0          1       9581   my_sensors_lib.o
        64         26        236          0       1536        796   startup_stm32f10x_md.o
       284          0          0          0          0       2831   system_stm32f10x.o

    ----------------------------------------------------------------------
      4658         34        986        768       1624      42787   Object Totals
         0          0         32          0          0          0   (incl. Generated)
        56          0          3          1          2          0   (incl. Padding)

    ----------------------------------------------------------------------

      Code (inc. data)   RO Data    RW Data    ZI Data      Debug   Library Member Name

        90          0          0          0          0          0   __dczerorl2.o
         8          0          0          0          0         68   __main.o
         0          0          0          0          0          0   __rtentry.o
        12          0          0          0          0          0   __rtentry2.o
         6          0          0          0          0          0   __rtentry4.o
        52          8          0          0          0          0   __scatter.o
        28          0          0          0          0          0   __scatter_zi.o
        18          0          0          0          0         80   exit.o
         6          0          0          0          0        152   heapauxi.o
         0          0          0          0          0          0   indicate_semi.o
         2          0          0          0          0          0   libinit.o
         2          0          0          0          0          0   libinit2.o
         2          0          0          0          0          0   libshutdown.o
         2          0          0          0          0          0   libshutdown2.o
         8          4          0          0         96         68   libspace.o
        78          0          0          0          0         80   rt_memclr_w.o
         2          0          0          0          0          0   rtexit.o
        10          0          0          0          0          0   rtexit2.o
        12          4          0          0          0         68   sys_exit.o
        74          0          0          0          0         80   sys_stackheap_outer.o
         2          0          0          0          0         68   use_no_semi.o

    ----------------------------------------------------------------------
       420         16          0          0         96        664   Library Totals
         6          0          0          0          0          0   (incl. Padding)

    ----------------------------------------------------------------------

      Code (inc. data)   RO Data    RW Data    ZI Data      Debug   Library Name

       414         16          0          0         96        664   c_w.l

    ----------------------------------------------------------------------
       420         16          0          0         96        664   Library Totals

    ----------------------------------------------------------------------

==============================================================================


      Code (inc. data)   RO Data    RW Data    ZI Data      Debug   

      5078         50        986        768       1720      43211   Grand Totals
      5078         50        986        244       1720      43211   ELF Image Totals (compressed)
      5078         50        986        244          0          0   ROM Totals

==============================================================================

    Total RO  Size (Code + RO Data)                 6064 (   5.92kB)
    Total RW  Size (RW Data + ZI Data)              2488 (   2.43kB)
    Total ROM Size (Code + RO Data + RW Data)       6308 (   6.16kB)

==============================================================================

